../Core/Src/main.c:80:5:main	72	static
../Core/Src/main.c:161:6:SystemClock_Config	88	static
../Core/Src/main.c:208:13:MX_I2C1_Init	8	static
../Core/Src/main.c:242:13:MX_SPI1_Init	8	static
../Core/Src/main.c:280:13:MX_TIM3_Init	32	static
../Core/Src/main.c:325:13:MX_USART2_UART_Init	8	static
../Core/Src/main.c:358:13:MX_GPIO_Init	48	static
../Core/Src/main.c:445:6:StartKeyMatrix_Task	16	static
../Core/Src/main.c:463:6:StartTFT_Task	16	static
../Core/Src/main.c:483:6:HAL_TIM_PeriodElapsedCallback	16	static
../Core/Src/main.c:500:6:Error_Handler	4	static,ignoring_inline_asm
