../User_Libs/lcd_screw.c:12:6:hc595_int	16	static
../User_Libs/lcd_screw.c:16:6:hc595_trans	24	static
../User_Libs/lcd_screw.c:28:6:lcd_Send_Cmd	32	static
../User_Libs/lcd_screw.c:45:6:lcd_Send_Data	32	static
../User_Libs/lcd_screw.c:64:6:lcd_Clear	8	static
../User_Libs/lcd_screw.c:69:6:lcd_Put_Cur	16	static
../User_Libs/lcd_screw.c:84:6:lcd_Init	8	static
../User_Libs/lcd_screw.c:109:6:lcd_Send_String	16	static
../User_Libs/lcd_screw.c:113:6:screw_Done_Show	120	static
../User_Libs/lcd_screw.c:120:6:screw_Set_Show	120	static
