../Core/Src/main.c:80:5:main	48	static
../Core/Src/main.c:156:6:SystemClock_Config	88	static
../Core/Src/main.c:203:13:MX_I2C1_Init	8	static
../Core/Src/main.c:237:13:MX_I2C2_Init	8	static
../Core/Src/main.c:271:13:MX_SPI1_Init	8	static
../Core/Src/main.c:309:13:MX_TIM2_Init	56	static
../Core/Src/main.c:373:13:MX_USART1_UART_Init	8	static
../Core/Src/main.c:406:13:MX_GPIO_Init	40	static
../Core/Src/main.c:458:6:StartDefaultTask	16	static
../Core/Src/main.c:479:6:HAL_TIM_PeriodElapsedCallback	16	static
../Core/Src/main.c:496:6:Error_Handler	4	static,ignoring_inline_asm
