../Core/Src/main.c:81:5:main	48	static
../Core/Src/main.c:158:6:SystemClock_Config	88	static
../Core/Src/main.c:205:13:MX_I2C1_Init	8	static
../Core/Src/main.c:239:13:MX_I2C2_Init	8	static
../Core/Src/main.c:273:13:MX_SPI1_Init	8	static
../Core/Src/main.c:311:13:MX_TIM2_Init	56	static
../Core/Src/main.c:375:13:MX_USART1_UART_Init	8	static
../Core/Src/main.c:408:13:MX_GPIO_Init	40	static
../Core/Src/main.c:460:6:StartDefaultTask	16	static
../Core/Src/main.c:481:6:HAL_TIM_PeriodElapsedCallback	16	static
../Core/Src/main.c:498:6:Error_Handler	4	static,ignoring_inline_asm
