../Core/Src/main.c:89:6:hc595_trans	24	static
../Core/Src/main.c:101:6:lcd_Send_Cmd	32	static
../Core/Src/main.c:118:6:lcd_Send_Data	32	static
../Core/Src/main.c:138:6:lcd_Clear	8	static
../Core/Src/main.c:143:6:lcd_Put_Cur	16	static
../Core/Src/main.c:157:6:lcd_Init	8	static
../Core/Src/main.c:182:6:lcd_Send_String	16	static
../Core/Src/main.c:192:5:main	32	static
../Core/Src/main.c:253:6:SystemClock_Config	72	static
../Core/Src/main.c:293:13:MX_I2C1_Init	8	static
../Core/Src/main.c:327:13:MX_GPIO_Init	40	static
../Core/Src/main.c:373:6:Error_Handler	4	static,ignoring_inline_asm
