../Core/Src/main.c:89:6:hc595_trans	24	static
../Core/Src/main.c:101:6:lcd_Send_Cmd	32	static
../Core/Src/main.c:118:6:lcd_Send_Data	32	static
../Core/Src/main.c:137:6:lcd_Clear	8	static
../Core/Src/main.c:142:6:lcd_Put_Cur	16	static
../Core/Src/main.c:156:6:lcd_Init	8	static
../Core/Src/main.c:181:6:lcd_Send_String	16	static
../Core/Src/main.c:191:5:main	32	static
../Core/Src/main.c:252:6:SystemClock_Config	72	static
../Core/Src/main.c:292:13:MX_I2C1_Init	8	static
../Core/Src/main.c:326:13:MX_GPIO_Init	40	static
../Core/Src/main.c:372:6:Error_Handler	4	static,ignoring_inline_asm
