Archive member included to satisfy reference by file (symbol)

/opt/st/stm32cubeide_1.11.0/plugins/com.st.stm32cube.ide.mcu.externaltools.gnu-tools-for-stm32.10.3-2021.10.linux64_1.0.100.202210260954/tools/bin/../lib/gcc/arm-none-eabi/10.3.1/../../../../arm-none-eabi/lib/thumb/v7e-m+fp/hard/libc_nano.a(lib_a-errno.o)
                              ./Core/Src/syscalls.o (__errno)
/opt/st/stm32cubeide_1.11.0/plugins/com.st.stm32cube.ide.mcu.externaltools.gnu-tools-for-stm32.10.3-2021.10.linux64_1.0.100.202210260954/tools/bin/../lib/gcc/arm-none-eabi/10.3.1/../../../../arm-none-eabi/lib/thumb/v7e-m+fp/hard/libc_nano.a(lib_a-exit.o)
                              /opt/st/stm32cubeide_1.11.0/plugins/com.st.stm32cube.ide.mcu.externaltools.gnu-tools-for-stm32.10.3-2021.10.linux64_1.0.100.202210260954/tools/bin/../lib/gcc/arm-none-eabi/10.3.1/../../../../arm-none-eabi/lib/thumb/v7e-m+fp/hard/crt0.o (exit)
/opt/st/stm32cubeide_1.11.0/plugins/com.st.stm32cube.ide.mcu.externaltools.gnu-tools-for-stm32.10.3-2021.10.linux64_1.0.100.202210260954/tools/bin/../lib/gcc/arm-none-eabi/10.3.1/../../../../arm-none-eabi/lib/thumb/v7e-m+fp/hard/libc_nano.a(lib_a-findfp.o)
                              ./Middlewares/Third_Party/FreeRTOS/Source/tasks.o (__sf_fake_stderr)
/opt/st/stm32cubeide_1.11.0/plugins/com.st.stm32cube.ide.mcu.externaltools.gnu-tools-for-stm32.10.3-2021.10.linux64_1.0.100.202210260954/tools/bin/../lib/gcc/arm-none-eabi/10.3.1/../../../../arm-none-eabi/lib/thumb/v7e-m+fp/hard/libc_nano.a(lib_a-fwalk.o)
                              /opt/st/stm32cubeide_1.11.0/plugins/com.st.stm32cube.ide.mcu.externaltools.gnu-tools-for-stm32.10.3-2021.10.linux64_1.0.100.202210260954/tools/bin/../lib/gcc/arm-none-eabi/10.3.1/../../../../arm-none-eabi/lib/thumb/v7e-m+fp/hard/libc_nano.a(lib_a-findfp.o) (_fwalk)
/opt/st/stm32cubeide_1.11.0/plugins/com.st.stm32cube.ide.mcu.externaltools.gnu-tools-for-stm32.10.3-2021.10.linux64_1.0.100.202210260954/tools/bin/../lib/gcc/arm-none-eabi/10.3.1/../../../../arm-none-eabi/lib/thumb/v7e-m+fp/hard/libc_nano.a(lib_a-impure.o)
                              /opt/st/stm32cubeide_1.11.0/plugins/com.st.stm32cube.ide.mcu.externaltools.gnu-tools-for-stm32.10.3-2021.10.linux64_1.0.100.202210260954/tools/bin/../lib/gcc/arm-none-eabi/10.3.1/../../../../arm-none-eabi/lib/thumb/v7e-m+fp/hard/libc_nano.a(lib_a-exit.o) (_global_impure_ptr)
/opt/st/stm32cubeide_1.11.0/plugins/com.st.stm32cube.ide.mcu.externaltools.gnu-tools-for-stm32.10.3-2021.10.linux64_1.0.100.202210260954/tools/bin/../lib/gcc/arm-none-eabi/10.3.1/../../../../arm-none-eabi/lib/thumb/v7e-m+fp/hard/libc_nano.a(lib_a-init.o)
                              /opt/st/stm32cubeide_1.11.0/plugins/com.st.stm32cube.ide.mcu.externaltools.gnu-tools-for-stm32.10.3-2021.10.linux64_1.0.100.202210260954/tools/bin/../lib/gcc/arm-none-eabi/10.3.1/../../../../arm-none-eabi/lib/thumb/v7e-m+fp/hard/crt0.o (__libc_init_array)
/opt/st/stm32cubeide_1.11.0/plugins/com.st.stm32cube.ide.mcu.externaltools.gnu-tools-for-stm32.10.3-2021.10.linux64_1.0.100.202210260954/tools/bin/../lib/gcc/arm-none-eabi/10.3.1/../../../../arm-none-eabi/lib/thumb/v7e-m+fp/hard/libc_nano.a(lib_a-lock.o)
                              /opt/st/stm32cubeide_1.11.0/plugins/com.st.stm32cube.ide.mcu.externaltools.gnu-tools-for-stm32.10.3-2021.10.linux64_1.0.100.202210260954/tools/bin/../lib/gcc/arm-none-eabi/10.3.1/../../../../arm-none-eabi/lib/thumb/v7e-m+fp/hard/libc_nano.a(lib_a-findfp.o) (__retarget_lock_init_recursive)
/opt/st/stm32cubeide_1.11.0/plugins/com.st.stm32cube.ide.mcu.externaltools.gnu-tools-for-stm32.10.3-2021.10.linux64_1.0.100.202210260954/tools/bin/../lib/gcc/arm-none-eabi/10.3.1/../../../../arm-none-eabi/lib/thumb/v7e-m+fp/hard/libc_nano.a(lib_a-memcpy-stub.o)
                              ./Middlewares/Third_Party/FreeRTOS/Source/queue.o (memcpy)
/opt/st/stm32cubeide_1.11.0/plugins/com.st.stm32cube.ide.mcu.externaltools.gnu-tools-for-stm32.10.3-2021.10.linux64_1.0.100.202210260954/tools/bin/../lib/gcc/arm-none-eabi/10.3.1/../../../../arm-none-eabi/lib/thumb/v7e-m+fp/hard/libc_nano.a(lib_a-memset.o)
                              /opt/st/stm32cubeide_1.11.0/plugins/com.st.stm32cube.ide.mcu.externaltools.gnu-tools-for-stm32.10.3-2021.10.linux64_1.0.100.202210260954/tools/bin/../lib/gcc/arm-none-eabi/10.3.1/../../../../arm-none-eabi/lib/thumb/v7e-m+fp/hard/crt0.o (memset)
/opt/st/stm32cubeide_1.11.0/plugins/com.st.stm32cube.ide.mcu.externaltools.gnu-tools-for-stm32.10.3-2021.10.linux64_1.0.100.202210260954/tools/bin/../lib/gcc/arm-none-eabi/10.3.1/../../../../arm-none-eabi/lib/thumb/v7e-m+fp/hard/libc_nano.a(lib_a-nano-mallocr.o)
                              /opt/st/stm32cubeide_1.11.0/plugins/com.st.stm32cube.ide.mcu.externaltools.gnu-tools-for-stm32.10.3-2021.10.linux64_1.0.100.202210260954/tools/bin/../lib/gcc/arm-none-eabi/10.3.1/../../../../arm-none-eabi/lib/thumb/v7e-m+fp/hard/libc_nano.a(lib_a-findfp.o) (_malloc_r)
[...]
Memory Configuration

Name             Origin             Length             Attributes
RAM              0x0000000020000000 0x0000000000020000 xrw
FLASH            0x0000000008000000 0x0000000000080000 xr
*default*        0x0000000000000000 0xffffffffffffffff

Linker script and memory map

LOAD /opt/st/stm32cubeide_1.11.0/plugins/com.st.stm32cube.ide.mcu.externaltools.gnu-tools-for-stm32.10.3-2021.10.linux64_1.0.100.202210260954/tools/bin/../lib/gcc/arm-none-eabi/10.3.1/thumb/v7e-m+fp/hard/crti.o
LOAD /opt/st/stm32cubeide_1.11.0/plugins/com.st.stm32cube.ide.mcu.externaltools.gnu-tools-for-stm32.10.3-2021.10.linux64_1.0.100.202210260954/tools/bin/../lib/gcc/arm-none-eabi/10.3.1/thumb/v7e-m+fp/hard/crtbegin.o
LOAD /opt/st/stm32cubeide_1.11.0/plugins/com.st.stm32cube.ide.mcu.externaltools.gnu-tools-for-stm32.10.3-2021.10.linux64_1.0.100.202210260954/tools/bin/../lib/gcc/arm-none-eabi/10.3.1/../../../../arm-none-eabi/lib/thumb/v7e-m+fp/hard/crt0.o
LOAD ./Core/Src/freertos.o
LOAD ./Core/Src/main.o
LOAD ./Core/Src/stm32f4xx_hal_msp.o
LOAD ./Core/Src/stm32f4xx_hal_timebase_tim.o
LOAD ./Core/Src/stm32f4xx_it.o
LOAD ./Core/Src/syscalls.o
LOAD ./Core/Src/sysmem.o
LOAD ./Core/Src/system_stm32f4xx.o
LOAD ./Core/Startup/startup_stm32f411ceux.o
LOAD ./Drivers/STM32F4xx_HAL_Driver/Src/stm32f4xx_hal.o
LOAD ./Drivers/STM32F4xx_HAL_Driver/Src/stm32f4xx_hal_cortex.o
LOAD ./Drivers/STM32F4xx_HAL_Driver/Src/stm32f4xx_hal_dma.o
LOAD ./Drivers/STM32F4xx_HAL_Driver/Src/stm32f4xx_hal_dma_ex.o
LOAD ./Drivers/STM32F4xx_HAL_Driver/Src/stm32f4xx_hal_exti.o
LOAD ./Drivers/STM32F4xx_HAL_Driver/Src/stm32f4xx_hal_flash.o
LOAD ./Drivers/STM32F4xx_HAL_Driver/Src/stm32f4xx_hal_flash_ex.o
LOAD ./Drivers/STM32F4xx_HAL_Driver/Src/stm32f4xx_hal_flash_ramfunc.o
LOAD ./Drivers/STM32F4xx_HAL_Driver/Src/stm32f4xx_hal_gpio.o
LOAD ./Drivers/STM32F4xx_HAL_Driver/Src/stm32f4xx_hal_i2c.o
LOAD ./Drivers/STM32F4xx_HAL_Driver/Src/stm32f4xx_hal_i2c_ex.o
LOAD ./Drivers/STM32F4xx_HAL_Driver/Src/stm32f4xx_hal_pwr.o
LOAD ./Drivers/STM32F4xx_HAL_Driver/Src/stm32f4xx_hal_pwr_ex.o
LOAD ./Drivers/STM32F4xx_HAL_Driver/Src/stm32f4xx_hal_rcc.o
LOAD ./Drivers/STM32F4xx_HAL_Driver/Src/stm32f4xx_hal_rcc_ex.o
LOAD ./Drivers/STM32F4xx_HAL_Driver/Src/stm32f4xx_hal_spi.o
LOAD ./Drivers/STM32F4xx_HAL_Driver/Src/stm32f4xx_hal_tim.o
LOAD ./Drivers/STM32F4xx_HAL_Driver/Src/stm32f4xx_hal_tim_ex.o
LOAD ./Drivers/STM32F4xx_HAL_Driver/Src/stm32f4xx_hal_uart.o
LOAD ./Middlewares/Third_Party/FreeRTOS/Source/CMSIS_RTOS/cmsis_os.o
LOAD ./Middlewares/Third_Party/FreeRTOS/Source/croutine.o
LOAD ./Middlewares/Third_Party/FreeRTOS/Source/event_groups.o
LOAD ./Middlewares/Third_Party/FreeRTOS/Source/list.o
LOAD ./Middlewares/Third_Party/FreeRTOS/Source/queue.o
LOAD ./Middlewares/Third_Party/FreeRTOS/Source/stream_buffer.o
LOAD ./Middlewares/Third_Party/FreeRTOS/Source/tasks.o
LOAD ./Middlewares/Third_Party/FreeRTOS/Source/timers.o
LOAD ./Middlewares/Third_Party/FreeRTOS/Source/portable/GCC/ARM_CM4F/port.o
LOAD ./Middlewares/Third_Party/FreeRTOS/Source/portable/MemMang/heap_4.o
LOAD ./User_Libs/DS3231.o
LOAD ./User_Libs/Keypad.o
LOAD ./User_Libs/Lora.o
LOAD ./User_Libs/TFT.o
LOAD ./User_Libs/W25Q.o
START GROUP
LOAD /opt/st/stm32cubeide_1.11.0/plugins/com.st.stm32cube.ide.mcu.externaltools.gnu-tools-for-stm32.10.3-2021.10.linux64_1.0.100.202210260954/tools/bin/../lib/gcc/arm-none-eabi/10.3.1/../../../../arm-none-eabi/lib/thumb/v7e-m+fp/hard/libc_nano.a
LOAD /opt/st/stm32cubeide_1.11.0/plugins/com.st.stm32cube.ide.mcu.externaltools.gnu-tools-for-stm32.10.3-2021.10.linux64_1.0.100.202210260954/tools/bin/../lib/gcc/arm-none-eabi/10.3.1/../../../../arm-none-eabi/lib/thumb/v7e-m+fp/hard/libm.a
END GROUP
START GROUP
LOAD /opt/st/stm32cubeide_1.11.0/plugins/com.st.stm32cube.ide.mcu.externaltools.gnu-tools-for-stm32.10.3-2021.10.linux64_1.0.100.202210260954/tools/bin/../lib/gcc/arm-none-eabi/10.3.1/thumb/v7e-m+fp/hard/libgcc.a
LOAD /opt/st/stm32cubeide_1.11.0/plugins/com.st.stm32cube.ide.mcu.externaltools.gnu-tools-for-stm32.10.3-2021.10.linux64_1.0.100.202210260954/tools/bin/../lib/gcc/arm-none-eabi/10.3.1/../../../../arm-none-eabi/lib/thumb/v7e-m+fp/hard/libc_nano.a
END GROUP
START GROUP
LOAD /opt/st/stm32cubeide_1.11.0/plugins/com.st.stm32cube.ide.mcu.externaltools.gnu-tools-for-stm32.10.3-2021.10.linux64_1.0.100.202210260954/tools/bin/../lib/gcc/arm-none-eabi/10.3.1/thumb/v7e-m+fp/hard/libgcc.a
LOAD /opt/st/stm32cubeide_1.11.0/plugins/com.st.stm32cube.ide.mcu.externaltools.gnu-tools-for-stm32.10.3-2021.10.linux64_1.0.100.202210260954/tools/bin/../lib/gcc/arm-none-eabi/10.3.1/../../../../arm-none-eabi/lib/thumb/v7e-m+fp/hard/libc_nano.a
LOAD /opt/st/stm32cubeide_1.11.0/plugins/com.st.stm32cube.ide.mcu.externaltools.gnu-tools-for-stm32.10.3-2021.10.linux64_1.0.100.202210260954/tools/bin/../lib/gcc/arm-none-eabi/10.3.1/../../../../arm-none-eabi/lib/thumb/v7e-m+fp/hard/libnosys.a
END GROUP
START GROUP
LOAD /opt/st/stm32cubeide_1.11.0/plugins/com.st.stm32cube.ide.mcu.externaltools.gnu-tools-for-stm32.10.3-2021.10.linux64_1.0.100.202210260954/tools/bin/../lib/gcc/arm-none-eabi/10.3.1/thumb/v7e-m+fp/hard/libgcc.a
LOAD /opt/st/stm32cubeide_1.11.0/plugins/com.st.stm32cube.ide.mcu.externaltools.gnu-tools-for-stm32.10.3-2021.10.linux64_1.0.100.202210260954/tools/bin/../lib/gcc/arm-none-eabi/10.3.1/../../../../arm-none-eabi/lib/thumb/v7e-m+fp/hard/libc_nano.a
LOAD /opt/st/stm32cubeide_1.11.0/plugins/com.st.stm32cube.ide.mcu.externaltools.gnu-tools-for-stm32.10.3-2021.10.linux64_1.0.100.202210260954/tools/bin/../lib/gcc/arm-none-eabi/10.3.1/../../../../arm-none-eabi/lib/thumb/v7e-m+fp/hard/libnosys.a
END GROUP
LOAD /opt/st/stm32cubeide_1.11.0/plugins/com.st.stm32cube.ide.mcu.externaltools.gnu-tools-for-stm32.10.3-2021.10.linux64_1.0.100.202210260954/tools/bin/../lib/gcc/arm-none-eabi/10.3.1/thumb/v7e-m+fp/hard/crtend.o
LOAD /opt/st/stm32cubeide_1.11.0/plugins/com.st.stm32cube.ide.mcu.externaltools.gnu-tools-for-stm32.10.3-2021.10.linux64_1.0.100.202210260954/tools/bin/../lib/gcc/arm-none-eabi/10.3.1/thumb/v7e-m+fp/hard/crtn.o
                0x0000000020020000                _estack = (ORIGIN (RAM) + LENGTH (RAM))
                0x0000000000000200                _Min_Heap_Size = 0x200
                0x0000000000000400                _Min_Stack_Size = 0x400

.isr_vector     0x0000000008000000      0x198
                0x0000000008000000                . = ALIGN (0x4)
 *(.isr_vector)
 .isr_vector    0x0000000008000000      0x198 ./Core/Startup/startup_stm32f411ceux.o
                0x0000000008000000                g_pfnVectors
                0x0000000008000198                . = ALIGN (0x4)

.text           0x00000000080001a0     0x5de0
                0x00000000080001a0                . = ALIGN (0x4)
 *(.text)
 .text          0x00000000080001a0       0x40 /opt/st/stm32cubeide_1.11.0/plugins/com.st.stm32cube.ide.mcu.externaltools.gnu-tools-for-stm32.10.3-2021.10.linux64_1.0.100.202210260954/tools/bin/../lib/gcc/arm-none-eabi/10.3.1/thumb/v7e-m+fp/hard/crtbegin.o
 .text          0x00000000080001e0       0x30 /opt/st/stm32cubeide_1.11.0/plugins/com.st.stm32cube.ide.mcu.externaltools.gnu-tools-for-stm32.10.3-2021.10.linux64_1.0.100.202210260954/tools/bin/../lib/gcc/arm-none-eabi/10.3.1/thumb/v7e-m+fp/hard/libgcc.a(_aeabi_uldivmod.o)
                0x00000000080001e0                __aeabi_uldivmod
 .text          0x0000000008000210      0x2d0 /opt/st/stm32cubeide_1.11.0/plugins/com.st.stm32cube.ide.mcu.externaltools.gnu-tools-for-stm32.10.3-2021.10.linux64_1.0.100.202210260954/tools/bin/../lib/gcc/arm-none-eabi/10.3.1/thumb/v7e-m+fp/hard/libgcc.a(_udivmoddi4.o)
                0x0000000008000210                __udivmoddi4
 .text          0x00000000080004e0        0x4 /opt/st/stm32cubeide_1.11.0/plugins/com.st.stm32cube.ide.mcu.externaltools.gnu-tools-for-stm32.10.3-2021.10.linux64_1.0.100.202210260954/tools/bin/../lib/gcc/arm-none-eabi/10.3.1/thumb/v7e-m+fp/hard/libgcc.a(_dvmd_tls.o)
                0x00000000080004e0                __aeabi_ldiv0
                0x00000000080004e0                __aeabi_idiv0
 *(.text*)
 .text.vApplicationGetIdleTaskMemory
                0x00000000080004e4       0x34 ./Core/Src/freertos.o
                0x00000000080004e4                vApplicationGetIdleTaskMemory
 .text.main     0x0000000008000518       0x84 ./Core/Src/main.o
                0x0000000008000518                main
 .text.SystemClock_Config
                0x000000000800059c       0xd0 ./Core/Src/main.o
                0x000000000800059c                SystemClock_Config
 .text.MX_I2C1_Init
                0x000000000800066c       0x5c ./Core/Src/main.o
 .text.MX_SPI1_Init
                0x00000000080006c8       0x6c ./Core/Src/main.o
 .text.MX_TIM3_Init
                0x0000000008000734       0x9c ./Core/Src/main.o
 .text.MX_USART2_UART_Init
                0x00000000080007d0       0x54 ./Core/Src/main.o
 .text.MX_GPIO_Init
                0x0000000008000824      0x18c ./Core/Src/main.o
 .text.StartKeyMatrix_Task
                0x00000000080009b0       0x10 ./Core/Src/main.o
                0x00000000080009b0                StartKeyMatrix_Task
 .text.StartTFT_Task
                0x00000000080009c0       0x10 ./Core/Src/main.o
                0x00000000080009c0                StartTFT_Task
 .text.HAL_TIM_PeriodElapsedCallback
                0x00000000080009d0       0x1e ./Core/Src/main.o
                0x00000000080009d0                HAL_TIM_PeriodElapsedCallback
 .text.Error_Handler
                0x00000000080009ee        0xa ./Core/Src/main.o
                0x00000000080009ee                Error_Handler
 .text.HAL_MspInit
                0x00000000080009f8       0x64 ./Core/Src/stm32f4xx_hal_msp.o
                0x00000000080009f8                HAL_MspInit
 .text.HAL_I2C_MspInit
                0x0000000008000a5c       0x90 ./Core/Src/stm32f4xx_hal_msp.o
                0x0000000008000a5c                HAL_I2C_MspInit
 .text.HAL_SPI_MspInit
                0x0000000008000aec       0x90 ./Core/Src/stm32f4xx_hal_msp.o
                0x0000000008000aec                HAL_SPI_MspInit
 .text.HAL_TIM_Base_MspInit
                0x0000000008000b7c       0x44 ./Core/Src/stm32f4xx_hal_msp.o
                0x0000000008000b7c                HAL_TIM_Base_MspInit
 .text.HAL_UART_MspInit
                0x0000000008000bc0       0x90 ./Core/Src/stm32f4xx_hal_msp.o
                0x0000000008000bc0                HAL_UART_MspInit
 .text.HAL_InitTick
                0x0000000008000c50       0xf8 ./Core/Src/stm32f4xx_hal_timebase_tim.o
                0x0000000008000c50                HAL_InitTick
 .text.NMI_Handler
                0x0000000008000d48        0x6 ./Core/Src/stm32f4xx_it.o
                0x0000000008000d48                NMI_Handler
 .text.HardFault_Handler
                0x0000000008000d4e        0x6 ./Core/Src/stm32f4xx_it.o
                0x0000000008000d4e                HardFault_Handler
 .text.MemManage_Handler
                0x0000000008000d54        0x6 ./Core/Src/stm32f4xx_it.o
                0x0000000008000d54                MemManage_Handler
 .text.BusFault_Handler
                0x0000000008000d5a        0x6 ./Core/Src/stm32f4xx_it.o
                0x0000000008000d5a                BusFault_Handler
 .text.UsageFault_Handler
                0x0000000008000d60        0x6 ./Core/Src/stm32f4xx_it.o
                0x0000000008000d60                UsageFault_Handler
 .text.DebugMon_Handler
                0x0000000008000d66        0xe ./Core/Src/stm32f4xx_it.o
                0x0000000008000d66                DebugMon_Handler
 .text.EXTI9_5_IRQHandler
                0x0000000008000d74        0xe ./Core/Src/stm32f4xx_it.o
                0x0000000008000d74                EXTI9_5_IRQHandler
 *fill*         0x0000000008000d82        0x2 
 .text.TIM2_IRQHandler
                0x0000000008000d84       0x14 ./Core/Src/stm32f4xx_it.o
                0x0000000008000d84                TIM2_IRQHandler
 .text.EXTI15_10_IRQHandler
                0x0000000008000d98       0x10 ./Core/Src/stm32f4xx_it.o
                0x0000000008000d98                EXTI15_10_IRQHandler
 .text.SystemInit
                0x0000000008000da8       0x24 ./Core/Src/system_stm32f4xx.o
                0x0000000008000da8                SystemInit
 .text.Reset_Handler
                0x0000000008000dcc       0x50 ./Core/Startup/startup_stm32f411ceux.o
                0x0000000008000dcc                Reset_Handler
 .text.Default_Handler
                0x0000000008000e1c        0x2 ./Core/Startup/startup_stm32f411ceux.o
                0x0000000008000e1c                RTC_Alarm_IRQHandler
                0x0000000008000e1c                EXTI2_IRQHandler
                0x0000000008000e1c                SPI4_IRQHandler
                0x0000000008000e1c                TIM1_CC_IRQHandler
                0x0000000008000e1c                DMA2_Stream5_IRQHandler
                0x0000000008000e1c                DMA1_Stream5_IRQHandler
                0x0000000008000e1c                PVD_IRQHandler
                0x0000000008000e1c                SDIO_IRQHandler
                0x0000000008000e1c                TAMP_STAMP_IRQHandler
                0x0000000008000e1c                EXTI3_IRQHandler
                0x0000000008000e1c                TIM1_UP_TIM10_IRQHandler
                0x0000000008000e1c                I2C3_ER_IRQHandler
                0x0000000008000e1c                EXTI0_IRQHandler
                0x0000000008000e1c                I2C2_EV_IRQHandler
                0x0000000008000e1c                DMA1_Stream2_IRQHandler
                0x0000000008000e1c                FPU_IRQHandler
                0x0000000008000e1c                DMA2_Stream2_IRQHandler
                0x0000000008000e1c                SPI1_IRQHandler
                0x0000000008000e1c                TIM1_BRK_TIM9_IRQHandler
                0x0000000008000e1c                DMA2_Stream3_IRQHandler
                0x0000000008000e1c                USART6_IRQHandler
                0x0000000008000e1c                DMA2_Stream0_IRQHandler
                0x0000000008000e1c                TIM4_IRQHandler
                0x0000000008000e1c                I2C1_EV_IRQHandler
                0x0000000008000e1c                DMA1_Stream6_IRQHandler
                0x0000000008000e1c                DMA1_Stream1_IRQHandler
                0x0000000008000e1c                TIM3_IRQHandler
                0x0000000008000e1c                RCC_IRQHandler
                0x0000000008000e1c                Default_Handler
                0x0000000008000e1c                ADC_IRQHandler
                0x0000000008000e1c                DMA1_Stream7_IRQHandler
                0x0000000008000e1c                SPI5_IRQHandler
                0x0000000008000e1c                TIM5_IRQHandler
                0x0000000008000e1c                DMA2_Stream7_IRQHandler
                0x0000000008000e1c                I2C3_EV_IRQHandler
                0x0000000008000e1c                RTC_WKUP_IRQHandler
                0x0000000008000e1c                SPI2_IRQHandler
                0x0000000008000e1c                DMA1_Stream0_IRQHandler
                0x0000000008000e1c                EXTI4_IRQHandler
                0x0000000008000e1c                WWDG_IRQHandler
                0x0000000008000e1c                OTG_FS_WKUP_IRQHandler
                0x0000000008000e1c                TIM1_TRG_COM_TIM11_IRQHandler
                0x0000000008000e1c                EXTI1_IRQHandler
                0x0000000008000e1c                USART2_IRQHandler
                0x0000000008000e1c                I2C2_ER_IRQHandler
                0x0000000008000e1c                DMA2_Stream1_IRQHandler
                0x0000000008000e1c                FLASH_IRQHandler
                0x0000000008000e1c                DMA2_Stream4_IRQHandler
                0x0000000008000e1c                USART1_IRQHandler
                0x0000000008000e1c                OTG_FS_IRQHandler
                0x0000000008000e1c                SPI3_IRQHandler
                0x0000000008000e1c                DMA1_Stream4_IRQHandler
                0x0000000008000e1c                I2C1_ER_IRQHandler
                0x0000000008000e1c                DMA2_Stream6_IRQHandler
                0x0000000008000e1c                DMA1_Stream3_IRQHandler
 *fill*         0x0000000008000e1e        0x2 
 .text.HAL_Init
                0x0000000008000e20       0x44 ./Drivers/STM32F4xx_HAL_Driver/Src/stm32f4xx_hal.o
                0x0000000008000e20                HAL_Init
 .text.HAL_IncTick
                0x0000000008000e64       0x28 ./Drivers/STM32F4xx_HAL_Driver/Src/stm32f4xx_hal.o
                0x0000000008000e64                HAL_IncTick
 .text.HAL_GetTick
                0x0000000008000e8c       0x18 ./Drivers/STM32F4xx_HAL_Driver/Src/stm32f4xx_hal.o
                0x0000000008000e8c                HAL_GetTick
 .text.__NVIC_SetPriorityGrouping
                0x0000000008000ea4       0x48 ./Drivers/STM32F4xx_HAL_Driver/Src/stm32f4xx_hal_cortex.o
 .text.__NVIC_GetPriorityGrouping
                0x0000000008000eec       0x1c ./Drivers/STM32F4xx_HAL_Driver/Src/stm32f4xx_hal_cortex.o
 .text.__NVIC_EnableIRQ
                0x0000000008000f08       0x3c ./Drivers/STM32F4xx_HAL_Driver/Src/stm32f4xx_hal_cortex.o
 .text.__NVIC_SetPriority
                0x0000000008000f44       0x54 ./Drivers/STM32F4xx_HAL_Driver/Src/stm32f4xx_hal_cortex.o
 .text.NVIC_EncodePriority
                0x0000000008000f98       0x66 ./Drivers/STM32F4xx_HAL_Driver/Src/stm32f4xx_hal_cortex.o
 .text.HAL_NVIC_SetPriorityGrouping
                0x0000000008000ffe       0x16 ./Drivers/STM32F4xx_HAL_Driver/Src/stm32f4xx_hal_cortex.o
                0x0000000008000ffe                HAL_NVIC_SetPriorityGrouping
 .text.HAL_NVIC_SetPriority
                0x0000000008001014       0x38 ./Drivers/STM32F4xx_HAL_Driver/Src/stm32f4xx_hal_cortex.o
                0x0000000008001014                HAL_NVIC_SetPriority
 .text.HAL_NVIC_EnableIRQ
                0x000000000800104c       0x1c ./Drivers/STM32F4xx_HAL_Driver/Src/stm32f4xx_hal_cortex.o
                0x000000000800104c                HAL_NVIC_EnableIRQ
 .text.HAL_GPIO_Init
                0x0000000008001068      0x308 ./Drivers/STM32F4xx_HAL_Driver/Src/stm32f4xx_hal_gpio.o
                0x0000000008001068                HAL_GPIO_Init
 .text.HAL_GPIO_WritePin
                0x0000000008001370       0x32 ./Drivers/STM32F4xx_HAL_Driver/Src/stm32f4xx_hal_gpio.o
                0x0000000008001370                HAL_GPIO_WritePin
 *fill*         0x00000000080013a2        0x2 
 .text.HAL_GPIO_EXTI_IRQHandler
                0x00000000080013a4       0x30 ./Drivers/STM32F4xx_HAL_Driver/Src/stm32f4xx_hal_gpio.o
                0x00000000080013a4                HAL_GPIO_EXTI_IRQHandler
 .text.HAL_GPIO_EXTI_Callback
                0x00000000080013d4       0x16 ./Drivers/STM32F4xx_HAL_Driver/Src/stm32f4xx_hal_gpio.o
                0x00000000080013d4                HAL_GPIO_EXTI_Callback
 *fill*         0x00000000080013ea        0x2 
 .text.HAL_I2C_Init
                0x00000000080013ec      0x288 ./Drivers/STM32F4xx_HAL_Driver/Src/stm32f4xx_hal_i2c.o
                0x00000000080013ec                HAL_I2C_Init
 .text.HAL_RCC_OscConfig
                0x0000000008001674      0x4f0 ./Drivers/STM32F4xx_HAL_Driver/Src/stm32f4xx_hal_rcc.o
                0x0000000008001674                HAL_RCC_OscConfig
 .text.HAL_RCC_ClockConfig
                0x0000000008001b64      0x1cc ./Drivers/STM32F4xx_HAL_Driver/Src/stm32f4xx_hal_rcc.o
                0x0000000008001b64                HAL_RCC_ClockConfig
 .text.HAL_RCC_GetSysClockFreq
                0x0000000008001d30      0x18c ./Drivers/STM32F4xx_HAL_Driver/Src/stm32f4xx_hal_rcc.o
                0x0000000008001d30                HAL_RCC_GetSysClockFreq
 .text.HAL_RCC_GetHCLKFreq
                0x0000000008001ebc       0x18 ./Drivers/STM32F4xx_HAL_Driver/Src/stm32f4xx_hal_rcc.o
                0x0000000008001ebc                HAL_RCC_GetHCLKFreq
 .text.HAL_RCC_GetPCLK1Freq
                0x0000000008001ed4       0x28 ./Drivers/STM32F4xx_HAL_Driver/Src/stm32f4xx_hal_rcc.o
                0x0000000008001ed4                HAL_RCC_GetPCLK1Freq
 .text.HAL_RCC_GetPCLK2Freq
                0x0000000008001efc       0x28 ./Drivers/STM32F4xx_HAL_Driver/Src/stm32f4xx_hal_rcc.o
                0x0000000008001efc                HAL_RCC_GetPCLK2Freq
 .text.HAL_RCC_GetClockConfig
                0x0000000008001f24       0x64 ./Drivers/STM32F4xx_HAL_Driver/Src/stm32f4xx_hal_rcc.o
                0x0000000008001f24                HAL_RCC_GetClockConfig
 .text.HAL_SPI_Init
                0x0000000008001f88      0x112 ./Drivers/STM32F4xx_HAL_Driver/Src/stm32f4xx_hal_spi.o
                0x0000000008001f88                HAL_SPI_Init
 .text.HAL_TIM_Base_Init
                0x000000000800209a       0x9e ./Drivers/STM32F4xx_HAL_Driver/Src/stm32f4xx_hal_tim.o
                0x000000000800209a                HAL_TIM_Base_Init
 .text.HAL_TIM_Base_Start
                0x0000000008002138       0xb4 ./Drivers/STM32F4xx_HAL_Driver/Src/stm32f4xx_hal_tim.o
                0x0000000008002138                HAL_TIM_Base_Start
 .text.HAL_TIM_Base_Start_IT
                0x00000000080021ec       0xc4 ./Drivers/STM32F4xx_HAL_Driver/Src/stm32f4xx_hal_tim.o
                0x00000000080021ec                HAL_TIM_Base_Start_IT
 .text.HAL_TIM_IRQHandler
                0x00000000080022b0      0x210 ./Drivers/STM32F4xx_HAL_Driver/Src/stm32f4xx_hal_tim.o
                0x00000000080022b0                HAL_TIM_IRQHandler
 .text.HAL_TIM_ConfigClockSource
                0x00000000080024c0      0x18e ./Drivers/STM32F4xx_HAL_Driver/Src/stm32f4xx_hal_tim.o
                0x00000000080024c0                HAL_TIM_ConfigClockSource
 .text.HAL_TIM_OC_DelayElapsedCallback
                0x000000000800264e       0x14 ./Drivers/STM32F4xx_HAL_Driver/Src/stm32f4xx_hal_tim.o
                0x000000000800264e                HAL_TIM_OC_DelayElapsedCallback
 .text.HAL_TIM_IC_CaptureCallback
                0x0000000008002662       0x14 ./Drivers/STM32F4xx_HAL_Driver/Src/stm32f4xx_hal_tim.o
                0x0000000008002662                HAL_TIM_IC_CaptureCallback
 .text.HAL_TIM_PWM_PulseFinishedCallback
                0x0000000008002676       0x14 ./Drivers/STM32F4xx_HAL_Driver/Src/stm32f4xx_hal_tim.o
                0x0000000008002676                HAL_TIM_PWM_PulseFinishedCallback
 .text.HAL_TIM_TriggerCallback
                0x000000000800268a       0x14 ./Drivers/STM32F4xx_HAL_Driver/Src/stm32f4xx_hal_tim.o
                0x000000000800268a                HAL_TIM_TriggerCallback
 *fill*         0x000000000800269e        0x2 
 .text.TIM_Base_SetConfig
                0x00000000080026a0      0x100 ./Drivers/STM32F4xx_HAL_Driver/Src/stm32f4xx_hal_tim.o
                0x00000000080026a0                TIM_Base_SetConfig
 .text.TIM_TI1_ConfigInputStage
                0x00000000080027a0       0x5e ./Drivers/STM32F4xx_HAL_Driver/Src/stm32f4xx_hal_tim.o
 .text.TIM_TI2_ConfigInputStage
                0x00000000080027fe       0x60 ./Drivers/STM32F4xx_HAL_Driver/Src/stm32f4xx_hal_tim.o
 .text.TIM_ITRx_SetConfig
                0x000000000800285e       0x36 ./Drivers/STM32F4xx_HAL_Driver/Src/stm32f4xx_hal_tim.o
 .text.TIM_ETR_SetConfig
                0x0000000008002894       0x40 ./Drivers/STM32F4xx_HAL_Driver/Src/stm32f4xx_hal_tim.o
                0x0000000008002894                TIM_ETR_SetConfig
 .text.HAL_TIMEx_MasterConfigSynchronization
                0x00000000080028d4       0xdc ./Drivers/STM32F4xx_HAL_Driver/Src/stm32f4xx_hal_tim_ex.o
                0x00000000080028d4                HAL_TIMEx_MasterConfigSynchronization
 .text.HAL_TIMEx_CommutCallback
                0x00000000080029b0       0x14 ./Drivers/STM32F4xx_HAL_Driver/Src/stm32f4xx_hal_tim_ex.o
                0x00000000080029b0                HAL_TIMEx_CommutCallback
 .text.HAL_TIMEx_BreakCallback
                0x00000000080029c4       0x14 ./Drivers/STM32F4xx_HAL_Driver/Src/stm32f4xx_hal_tim_ex.o
                0x00000000080029c4                HAL_TIMEx_BreakCallback
 .text.HAL_UART_Init
                0x00000000080029d8       0x9a ./Drivers/STM32F4xx_HAL_Driver/Src/stm32f4xx_hal_uart.o
                0x00000000080029d8                HAL_UART_Init
 *fill*         0x0000000008002a72        0x2 
 .text.UART_SetConfig
                0x0000000008002a74      0x4e8 ./Drivers/STM32F4xx_HAL_Driver/Src/stm32f4xx_hal_uart.o
 .text.makeFreeRtosPriority
                0x0000000008002f5c       0x30 ./Middlewares/Third_Party/FreeRTOS/Source/CMSIS_RTOS/cmsis_os.o
 .text.osKernelStart
                0x0000000008002f8c        0xe ./Middlewares/Third_Party/FreeRTOS/Source/CMSIS_RTOS/cmsis_os.o
                0x0000000008002f8c                osKernelStart
 .text.osThreadCreate
                0x0000000008002f9a       0x98 ./Middlewares/Third_Party/FreeRTOS/Source/CMSIS_RTOS/cmsis_os.o
                0x0000000008002f9a                osThreadCreate
 .text.osDelay  0x0000000008003032       0x28 ./Middlewares/Third_Party/FreeRTOS/Source/CMSIS_RTOS/cmsis_os.o
                0x0000000008003032                osDelay
 .text.vListInitialise
                0x000000000800305a       0x40 ./Middlewares/Third_Party/FreeRTOS/Source/list.o
                0x000000000800305a                vListInitialise
 .text.vListInitialiseItem
                0x000000000800309a       0x1a ./Middlewares/Third_Party/FreeRTOS/Source/list.o
                0x000000000800309a                vListInitialiseItem
 .text.vListInsertEnd
                0x00000000080030b4       0x48 ./Middlewares/Third_Party/FreeRTOS/Source/list.o
                0x00000000080030b4                vListInsertEnd
 .text.vListInsert
                0x00000000080030fc       0x72 ./Middlewares/Third_Party/FreeRTOS/Source/list.o
                0x00000000080030fc                vListInsert
 .text.uxListRemove
                0x000000000800316e       0x54 ./Middlewares/Third_Party/FreeRTOS/Source/list.o
                0x000000000800316e                uxListRemove
 .text.xTaskCreateStatic
                0x00000000080031c2       0xba ./Middlewares/Third_Party/FreeRTOS/Source/tasks.o
                0x00000000080031c2                xTaskCreateStatic
 .text.xTaskCreate
                0x000000000800327c       0x8a ./Middlewares/Third_Party/FreeRTOS/Source/tasks.o
                0x000000000800327c                xTaskCreate
 *fill*         0x0000000008003306        0x2 
 .text.prvInitialiseNewTask
                0x0000000008003308      0x13c ./Middlewares/Third_Party/FreeRTOS/Source/tasks.o
 .text.prvAddNewTaskToReadyList
                0x0000000008003444       0xd4 ./Middlewares/Third_Party/FreeRTOS/Source/tasks.o
 .text.vTaskDelay
                0x0000000008003518       0x68 ./Middlewares/Third_Party/FreeRTOS/Source/tasks.o
                0x0000000008003518                vTaskDelay
 .text.vTaskStartScheduler
                0x0000000008003580       0xd4 ./Middlewares/Third_Party/FreeRTOS/Source/tasks.o
                0x0000000008003580                vTaskStartScheduler
 .text.vTaskSuspendAll
                0x0000000008003654       0x1c ./Middlewares/Third_Party/FreeRTOS/Source/tasks.o
                0x0000000008003654                vTaskSuspendAll
 .text.xTaskResumeAll
                0x0000000008003670      0x138 ./Middlewares/Third_Party/FreeRTOS/Source/tasks.o
                0x0000000008003670                xTaskResumeAll
 .text.xTaskIncrementTick
                0x00000000080037a8      0x170 ./Middlewares/Third_Party/FreeRTOS/Source/tasks.o
                0x00000000080037a8                xTaskIncrementTick
 .text.vTaskSwitchContext
                0x0000000008003918       0xc4 ./Middlewares/Third_Party/FreeRTOS/Source/tasks.o
                0x0000000008003918                vTaskSwitchContext
 .text.prvIdleTask
                0x00000000080039dc       0x30 ./Middlewares/Third_Party/FreeRTOS/Source/tasks.o
 .text.prvInitialiseTaskLists
                0x0000000008003a0c       0x80 ./Middlewares/Third_Party/FreeRTOS/Source/tasks.o
 .text.prvCheckTasksWaitingTermination
                0x0000000008003a8c       0x5c ./Middlewares/Third_Party/FreeRTOS/Source/tasks.o
 .text.prvDeleteTCB
                0x0000000008003ae8       0x68 ./Middlewares/Third_Party/FreeRTOS/Source/tasks.o
 .text.prvResetNextTaskUnblockTime
                0x0000000008003b50       0x40 ./Middlewares/Third_Party/FreeRTOS/Source/tasks.o
 .text.prvAddCurrentTaskToDelayedList
                0x0000000008003b90       0xcc ./Middlewares/Third_Party/FreeRTOS/Source/tasks.o
 .text.pxPortInitialiseStack
                0x0000000008003c5c       0x68 ./Middlewares/Third_Party/FreeRTOS/Source/portable/GCC/ARM_CM4F/port.o
                0x0000000008003c5c                pxPortInitialiseStack
 .text.prvTaskExitError
                0x0000000008003cc4       0x58 ./Middlewares/Third_Party/FreeRTOS/Source/portable/GCC/ARM_CM4F/port.o
 *fill*         0x0000000008003d1c        0x4 
 .text.SVC_Handler
                0x0000000008003d20       0x28 ./Middlewares/Third_Party/FreeRTOS/Source/portable/GCC/ARM_CM4F/port.o
                0x0000000008003d20                SVC_Handler
 .text.prvPortStartFirstTask
                0x0000000008003d48       0x28 ./Middlewares/Third_Party/FreeRTOS/Source/portable/GCC/ARM_CM4F/port.o
 .text.xPortStartScheduler
                0x0000000008003d70      0x144 ./Middlewares/Third_Party/FreeRTOS/Source/portable/GCC/ARM_CM4F/port.o
                0x0000000008003d70                xPortStartScheduler
 .text.vPortEnterCritical
                0x0000000008003eb4       0x60 ./Middlewares/Third_Party/FreeRTOS/Source/portable/GCC/ARM_CM4F/port.o
                0x0000000008003eb4                vPortEnterCritical
 .text.vPortExitCritical
                0x0000000008003f14       0x54 ./Middlewares/Third_Party/FreeRTOS/Source/portable/GCC/ARM_CM4F/port.o
                0x0000000008003f14                vPortExitCritical
 *fill*         0x0000000008003f68        0x8 
 .text.PendSV_Handler
                0x0000000008003f70       0x68 ./Middlewares/Third_Party/FreeRTOS/Source/portable/GCC/ARM_CM4F/port.o
                0x0000000008003f70                PendSV_Handler
 .text.SysTick_Handler
                0x0000000008003fd8       0x44 ./Middlewares/Third_Party/FreeRTOS/Source/portable/GCC/ARM_CM4F/port.o
                0x0000000008003fd8                SysTick_Handler
 .text.vPortSetupTimerInterrupt
                0x000000000800401c       0x48 ./Middlewares/Third_Party/FreeRTOS/Source/portable/GCC/ARM_CM4F/port.o
                0x000000000800401c                vPortSetupTimerInterrupt
 .text.vPortEnableVFP
                0x0000000008004064       0x14 ./Middlewares/Third_Party/FreeRTOS/Source/portable/GCC/ARM_CM4F/port.o
 .text.pvPortMalloc
                0x0000000008004078      0x198 ./Middlewares/Third_Party/FreeRTOS/Source/portable/MemMang/heap_4.o
                0x0000000008004078                pvPortMalloc
 .text.vPortFree
                0x0000000008004210       0xc4 ./Middlewares/Third_Party/FreeRTOS/Source/portable/MemMang/heap_4.o
                0x0000000008004210                vPortFree
 .text.prvHeapInit
                0x00000000080042d4       0xc4 ./Middlewares/Third_Party/FreeRTOS/Source/portable/MemMang/heap_4.o
 .text.prvInsertBlockIntoFreeList
                0x0000000008004398       0xb4 ./Middlewares/Third_Party/FreeRTOS/Source/portable/MemMang/heap_4.o
 .text.PIN_LOW  0x000000000800444c       0x20 ./User_Libs/TFT.o
                0x000000000800444c                PIN_LOW
 .text.PIN_HIGH
                0x000000000800446c       0x20 ./User_Libs/TFT.o
                0x000000000800446c                PIN_HIGH
 .text.PIN_INPUT
                0x000000000800448c       0x2c ./User_Libs/TFT.o
                0x000000000800448c                PIN_INPUT
 .text.PIN_OUTPUT
                0x00000000080044b8       0x30 ./User_Libs/TFT.o
                0x00000000080044b8                PIN_OUTPUT
 .text.TFT_Delay_us
                0x00000000080044e8       0x30 ./User_Libs/TFT.o
                0x00000000080044e8                TFT_Delay_us
 .text.LED_ON   0x0000000008004518       0x18 ./User_Libs/TFT.o
                0x0000000008004518                LED_ON
 .text.setReadDir
                0x0000000008004530       0x60 ./User_Libs/TFT.o
                0x0000000008004530                setReadDir
 .text.setWriteDir
                0x0000000008004590       0x60 ./User_Libs/TFT.o
                0x0000000008004590                setWriteDir
 .text.read16bits
                0x00000000080045f0      0x1e0 ./User_Libs/TFT.o
 .text.readReg  0x00000000080047d0      0x114 ./User_Libs/TFT.o
                0x00000000080047d0                readReg
 .text.readReg40
                0x00000000080048e4       0x4e ./User_Libs/TFT.o
                0x00000000080048e4                readReg40
 .text.ReadID   0x0000000008004932       0x10 ./User_Libs/TFT.o
                0x0000000008004932                ReadID
 *fill*         0x0000000008004942        0x2 
 .text.TFT_init
                0x0000000008004944     0x1444 ./User_Libs/TFT.o
                0x0000000008004944                TFT_init
 .text.__libc_init_array
                0x0000000008005d88       0x48 /opt/st/stm32cubeide_1.11.0/plugins/com.st.stm32cube.ide.mcu.externaltools.gnu-tools-for-stm32.10.3-2021.10.linux64_1.0.100.202210260954/tools/bin/../lib/gcc/arm-none-eabi/10.3.1/../../../../arm-none-eabi/lib/thumb/v7e-m+fp/hard/libc_nano.a(lib_a-init.o)
                0x0000000008005d88                __libc_init_array
 .text.__retarget_lock_acquire_recursive
                0x0000000008005dd0        0x2 /opt/st/stm32cubeide_1.11.0/plugins/com.st.stm32cube.ide.mcu.externaltools.gnu-tools-for-stm32.10.3-2021.10.linux64_1.0.100.202210260954/tools/bin/../lib/gcc/arm-none-eabi/10.3.1/../../../../arm-none-eabi/lib/thumb/v7e-m+fp/hard/libc_nano.a(lib_a-lock.o)
                0x0000000008005dd0                __retarget_lock_acquire_recursive
 .text.__retarget_lock_release_recursive
                0x0000000008005dd2        0x2 /opt/st/stm32cubeide_1.11.0/plugins/com.st.stm32cube.ide.mcu.externaltools.gnu-tools-for-stm32.10.3-2021.10.linux64_1.0.100.202210260954/tools/bin/../lib/gcc/arm-none-eabi/10.3.1/../../../../arm-none-eabi/lib/thumb/v7e-m+fp/hard/libc_nano.a(lib_a-lock.o)
                0x0000000008005dd2                __retarget_lock_release_recursive
 .text.memset   0x0000000008005dd4       0x10 /opt/st/stm32cubeide_1.11.0/plugins/com.st.stm32cube.ide.mcu.externaltools.gnu-tools-for-stm32.10.3-2021.10.linux64_1.0.100.202210260954/tools/bin/../lib/gcc/arm-none-eabi/10.3.1/../../../../arm-none-eabi/lib/thumb/v7e-m+fp/hard/libc_nano.a(lib_a-memset.o)
                0x0000000008005dd4                memset
 .text.cleanup_glue
                0x0000000008005de4       0x1a /opt/st/stm32cubeide_1.11.0/plugins/com.st.stm32cube.ide.mcu.externaltools.gnu-tools-for-stm32.10.3-2021.10.linux64_1.0.100.202210260954/tools/bin/../lib/gcc/arm-none-eabi/10.3.1/../../../../arm-none-eabi/lib/thumb/v7e-m+fp/hard/libc_nano.a(lib_a-reent.o)
                0x0000000008005de4                cleanup_glue
 *fill*         0x0000000008005dfe        0x2 
 .text._reclaim_reent
                0x0000000008005e00       0xb8 /opt/st/stm32cubeide_1.11.0/plugins/com.st.stm32cube.ide.mcu.externaltools.gnu-tools-for-stm32.10.3-2021.10.linux64_1.0.100.202210260954/tools/bin/../lib/gcc/arm-none-eabi/10.3.1/../../../../arm-none-eabi/lib/thumb/v7e-m+fp/hard/libc_nano.a(lib_a-reent.o)
                0x0000000008005e00                _reclaim_reent
 .text.__malloc_lock
                0x0000000008005eb8        0xc /opt/st/stm32cubeide_1.11.0/plugins/com.st.stm32cube.ide.mcu.externaltools.gnu-tools-for-stm32.10.3-2021.10.linux64_1.0.100.202210260954/tools/bin/../lib/gcc/arm-none-eabi/10.3.1/../../../../arm-none-eabi/lib/thumb/v7e-m+fp/hard/libc_nano.a(lib_a-mlock.o)
                0x0000000008005eb8                __malloc_lock
 .text.__malloc_unlock
                0x0000000008005ec4        0xc /opt/st/stm32cubeide_1.11.0/plugins/com.st.stm32cube.ide.mcu.externaltools.gnu-tools-for-stm32.10.3-2021.10.linux64_1.0.100.202210260954/tools/bin/../lib/gcc/arm-none-eabi/10.3.1/../../../../arm-none-eabi/lib/thumb/v7e-m+fp/hard/libc_nano.a(lib_a-mlock.o)
                0x0000000008005ec4                __malloc_unlock
 .text._free_r  0x0000000008005ed0       0x98 /opt/st/stm32cubeide_1.11.0/plugins/com.st.stm32cube.ide.mcu.externaltools.gnu-tools-for-stm32.10.3-2021.10.linux64_1.0.100.202210260954/tools/bin/../lib/gcc/arm-none-eabi/10.3.1/../../../../arm-none-eabi/lib/thumb/v7e-m+fp/hard/libc_nano.a(lib_a-nano-freer.o)
                0x0000000008005ed0                _free_r
 *(.glue_7)
 .glue_7        0x0000000008005f68        0x0 linker stubs
 *(.glue_7t)
 .glue_7t       0x0000000008005f68        0x0 linker stubs
 *(.eh_frame)
 .eh_frame      0x0000000008005f68        0x0 /opt/st/stm32cubeide_1.11.0/plugins/com.st.stm32cube.ide.mcu.externaltools.gnu-tools-for-stm32.10.3-2021.10.linux64_1.0.100.202210260954/tools/bin/../lib/gcc/arm-none-eabi/10.3.1/thumb/v7e-m+fp/hard/crtbegin.o
 *(.init)
 .init          0x0000000008005f68        0x4 /opt/st/stm32cubeide_1.11.0/plugins/com.st.stm32cube.ide.mcu.externaltools.gnu-tools-for-stm32.10.3-2021.10.linux64_1.0.100.202210260954/tools/bin/../lib/gcc/arm-none-eabi/10.3.1/thumb/v7e-m+fp/hard/crti.o
                0x0000000008005f68                _init
 .init          0x0000000008005f6c        0x8 /opt/st/stm32cubeide_1.11.0/plugins/com.st.stm32cube.ide.mcu.externaltools.gnu-tools-for-stm32.10.3-2021.10.linux64_1.0.100.202210260954/tools/bin/../lib/gcc/arm-none-eabi/10.3.1/thumb/v7e-m+fp/hard/crtn.o
 *(.fini)
 .fini          0x0000000008005f74        0x4 /opt/st/stm32cubeide_1.11.0/plugins/com.st.stm32cube.ide.mcu.externaltools.gnu-tools-for-stm32.10.3-2021.10.linux64_1.0.100.202210260954/tools/bin/../lib/gcc/arm-none-eabi/10.3.1/thumb/v7e-m+fp/hard/crti.o
                0x0000000008005f74                _fini
 .fini          0x0000000008005f78        0x8 /opt/st/stm32cubeide_1.11.0/plugins/com.st.stm32cube.ide.mcu.externaltools.gnu-tools-for-stm32.10.3-2021.10.linux64_1.0.100.202210260954/tools/bin/../lib/gcc/arm-none-eabi/10.3.1/thumb/v7e-m+fp/hard/crtn.o
                0x0000000008005f80                . = ALIGN (0x4)
                0x0000000008005f80                _etext = .

.vfp11_veneer   0x0000000008005f80        0x0
 .vfp11_veneer  0x0000000008005f80        0x0 linker stubs

.v4_bx          0x0000000008005f80        0x0
 .v4_bx         0x0000000008005f80        0x0 linker stubs

.iplt           0x0000000008005f80        0x0
 .iplt          0x0000000008005f80        0x0 /opt/st/stm32cubeide_1.11.0/plugins/com.st.stm32cube.ide.mcu.externaltools.gnu-tools-for-stm32.10.3-2021.10.linux64_1.0.100.202210260954/tools/bin/../lib/gcc/arm-none-eabi/10.3.1/thumb/v7e-m+fp/hard/crtbegin.o

.rodata         0x0000000008005f80       0xd4
                0x0000000008005f80                . = ALIGN (0x4)
 *(.rodata)
 .rodata        0x0000000008005f80       0x54 ./Core/Src/main.o
 .rodata        0x0000000008005fd4        0x5 ./Middlewares/Third_Party/FreeRTOS/Source/tasks.o
 *(.rodata*)
 *fill*         0x0000000008005fd9        0x3 
 .rodata.AHBPrescTable
                0x0000000008005fdc       0x10 ./Core/Src/system_stm32f4xx.o
                0x0000000008005fdc                AHBPrescTable
 .rodata.APBPrescTable
                0x0000000008005fec        0x8 ./Core/Src/system_stm32f4xx.o
                0x0000000008005fec                APBPrescTable
 .rodata.__sf_fake_stderr
                0x0000000008005ff4       0x20 /opt/st/stm32cubeide_1.11.0/plugins/com.st.stm32cube.ide.mcu.externaltools.gnu-tools-for-stm32.10.3-2021.10.linux64_1.0.100.202210260954/tools/bin/../lib/gcc/arm-none-eabi/10.3.1/../../../../arm-none-eabi/lib/thumb/v7e-m+fp/hard/libc_nano.a(lib_a-findfp.o)
                0x0000000008005ff4                __sf_fake_stderr
 .rodata.__sf_fake_stdin
                0x0000000008006014       0x20 /opt/st/stm32cubeide_1.11.0/plugins/com.st.stm32cube.ide.mcu.externaltools.gnu-tools-for-stm32.10.3-2021.10.linux64_1.0.100.202210260954/tools/bin/../lib/gcc/arm-none-eabi/10.3.1/../../../../arm-none-eabi/lib/thumb/v7e-m+fp/hard/libc_nano.a(lib_a-findfp.o)
                0x0000000008006014                __sf_fake_stdin
 .rodata.__sf_fake_stdout
                0x0000000008006034       0x20 /opt/st/stm32cubeide_1.11.0/plugins/com.st.stm32cube.ide.mcu.externaltools.gnu-tools-for-stm32.10.3-2021.10.linux64_1.0.100.202210260954/tools/bin/../lib/gcc/arm-none-eabi/10.3.1/../../../../arm-none-eabi/lib/thumb/v7e-m+fp/hard/libc_nano.a(lib_a-findfp.o)
                0x0000000008006034                __sf_fake_stdout
                0x0000000008006054                . = ALIGN (0x4)

.ARM.extab      0x0000000008006054        0x0
                0x0000000008006054                . = ALIGN (0x4)
 *(.ARM.extab* .gnu.linkonce.armextab.*)
                0x0000000008006054                . = ALIGN (0x4)

.ARM            0x0000000008006054        0x8
                0x0000000008006054                . = ALIGN (0x4)
                0x0000000008006054                __exidx_start = .
 *(.ARM.exidx*)
 .ARM.exidx     0x0000000008006054        0x8 /opt/st/stm32cubeide_1.11.0/plugins/com.st.stm32cube.ide.mcu.externaltools.gnu-tools-for-stm32.10.3-2021.10.linux64_1.0.100.202210260954/tools/bin/../lib/gcc/arm-none-eabi/10.3.1/thumb/v7e-m+fp/hard/libgcc.a(_udivmoddi4.o)
                0x000000000800605c                __exidx_end = .
                0x000000000800605c                . = ALIGN (0x4)

.rel.dyn        0x000000000800605c        0x0
 .rel.iplt      0x000000000800605c        0x0 /opt/st/stm32cubeide_1.11.0/plugins/com.st.stm32cube.ide.mcu.externaltools.gnu-tools-for-stm32.10.3-2021.10.linux64_1.0.100.202210260954/tools/bin/../lib/gcc/arm-none-eabi/10.3.1/thumb/v7e-m+fp/hard/crtbegin.o

.preinit_array  0x000000000800605c        0x0
                0x000000000800605c                . = ALIGN (0x4)
                0x000000000800605c                PROVIDE (__preinit_array_start = .)
 *(.preinit_array*)
                0x000000000800605c                PROVIDE (__preinit_array_end = .)
                0x000000000800605c                . = ALIGN (0x4)

.init_array     0x000000000800605c        0x4
                0x000000000800605c                . = ALIGN (0x4)
                0x000000000800605c                PROVIDE (__init_array_start = .)
 *(SORT_BY_NAME(.init_array.*))
 *(.init_array*)
 .init_array    0x000000000800605c        0x4 /opt/st/stm32cubeide_1.11.0/plugins/com.st.stm32cube.ide.mcu.externaltools.gnu-tools-for-stm32.10.3-2021.10.linux64_1.0.100.202210260954/tools/bin/../lib/gcc/arm-none-eabi/10.3.1/thumb/v7e-m+fp/hard/crtbegin.o
                0x0000000008006060                PROVIDE (__init_array_end = .)
                0x0000000008006060                . = ALIGN (0x4)

.fini_array     0x0000000008006060        0x4
                0x0000000008006060                . = ALIGN (0x4)
                [!provide]                        PROVIDE (__fini_array_start = .)
 *(SORT_BY_NAME(.fini_array.*))
 *(.fini_array*)
 .fini_array    0x0000000008006060        0x4 /opt/st/stm32cubeide_1.11.0/plugins/com.st.stm32cube.ide.mcu.externaltools.gnu-tools-for-stm32.10.3-2021.10.linux64_1.0.100.202210260954/tools/bin/../lib/gcc/arm-none-eabi/10.3.1/thumb/v7e-m+fp/hard/crtbegin.o
                [!provide]                        PROVIDE (__fini_array_end = .)
                0x0000000008006064                . = ALIGN (0x4)
                0x0000000008006064                _sidata = LOADADDR (.data)

.data           0x0000000020000000       0x74 load address 0x0000000008006064
                0x0000000020000000                . = ALIGN (0x4)
                0x0000000020000000                _sdata = .
 *(.data)
 *(.data*)
 .data.SystemCoreClock
                0x0000000020000000        0x4 ./Core/Src/system_stm32f4xx.o
                0x0000000020000000                SystemCoreClock
 .data.uwTickPrio
                0x0000000020000004        0x4 ./Drivers/STM32F4xx_HAL_Driver/Src/stm32f4xx_hal.o
                0x0000000020000004                uwTickPrio
 .data.uwTickFreq
                0x0000000020000008        0x1 ./Drivers/STM32F4xx_HAL_Driver/Src/stm32f4xx_hal.o
                0x0000000020000008                uwTickFreq
 *fill*         0x0000000020000009        0x3 
 .data.uxCriticalNesting
                0x000000002000000c        0x4 ./Middlewares/Third_Party/FreeRTOS/Source/portable/GCC/ARM_CM4F/port.o
 .data._impure_ptr
                0x0000000020000010        0x4 /opt/st/stm32cubeide_1.11.0/plugins/com.st.stm32cube.ide.mcu.externaltools.gnu-tools-for-stm32.10.3-2021.10.linux64_1.0.100.202210260954/tools/bin/../lib/gcc/arm-none-eabi/10.3.1/../../../../arm-none-eabi/lib/thumb/v7e-m+fp/hard/libc_nano.a(lib_a-impure.o)
                0x0000000020000010                _impure_ptr
 .data.impure_data
                0x0000000020000014       0x60 /opt/st/stm32cubeide_1.11.0/plugins/com.st.stm32cube.ide.mcu.externaltools.gnu-tools-for-stm32.10.3-2021.10.linux64_1.0.100.202210260954/tools/bin/../lib/gcc/arm-none-eabi/10.3.1/../../../../arm-none-eabi/lib/thumb/v7e-m+fp/hard/libc_nano.a(lib_a-impure.o)
 *(.RamFunc)
 *(.RamFunc*)
                0x0000000020000074                . = ALIGN (0x4)
                0x0000000020000074                _edata = .

.igot.plt       0x0000000020000074        0x0 load address 0x00000000080060d8
 .igot.plt      0x0000000020000074        0x0 /opt/st/stm32cubeide_1.11.0/plugins/com.st.stm32cube.ide.mcu.externaltools.gnu-tools-for-stm32.10.3-2021.10.linux64_1.0.100.202210260954/tools/bin/../lib/gcc/arm-none-eabi/10.3.1/thumb/v7e-m+fp/hard/crtbegin.o
                0x0000000020000074                . = ALIGN (0x4)

.bss            0x0000000020000074     0x41b8 load address 0x00000000080060d8
                0x0000000020000074                _sbss = .
                0x0000000020000074                __bss_start__ = _sbss
 *(.bss)
 .bss           0x0000000020000074       0x1c /opt/st/stm32cubeide_1.11.0/plugins/com.st.stm32cube.ide.mcu.externaltools.gnu-tools-for-stm32.10.3-2021.10.linux64_1.0.100.202210260954/tools/bin/../lib/gcc/arm-none-eabi/10.3.1/thumb/v7e-m+fp/hard/crtbegin.o
 *(.bss*)
 .bss.xIdleTaskTCBBuffer
                0x0000000020000090       0xb4 ./Core/Src/freertos.o
 .bss.xIdleStack
                0x0000000020000144      0x200 ./Core/Src/freertos.o
 .bss.hi2c1     0x0000000020000344       0x54 ./Core/Src/main.o
                0x0000000020000344                hi2c1
 .bss.hspi1     0x0000000020000398       0x58 ./Core/Src/main.o
                0x0000000020000398                hspi1
 .bss.htim3     0x00000000200003f0       0x48 ./Core/Src/main.o
                0x00000000200003f0                htim3
 .bss.huart2    0x0000000020000438       0x44 ./Core/Src/main.o
                0x0000000020000438                huart2
 .bss.KeyMatrix_TaskHandle
                0x000000002000047c        0x4 ./Core/Src/main.o
                0x000000002000047c                KeyMatrix_TaskHandle
 .bss.TFT_TaskHandle
                0x0000000020000480        0x4 ./Core/Src/main.o
                0x0000000020000480                TFT_TaskHandle
 .bss.htim2     0x0000000020000484       0x48 ./Core/Src/stm32f4xx_hal_timebase_tim.o
                0x0000000020000484                htim2
 .bss.uwTick    0x00000000200004cc        0x4 ./Drivers/STM32F4xx_HAL_Driver/Src/stm32f4xx_hal.o
                0x00000000200004cc                uwTick
 .bss.pxCurrentTCB
                0x00000000200004d0        0x4 ./Middlewares/Third_Party/FreeRTOS/Source/tasks.o
                0x00000000200004d0                pxCurrentTCB
 .bss.pxReadyTasksLists
                0x00000000200004d4       0x8c ./Middlewares/Third_Party/FreeRTOS/Source/tasks.o
 .bss.xDelayedTaskList1
                0x0000000020000560       0x14 ./Middlewares/Third_Party/FreeRTOS/Source/tasks.o
 .bss.xDelayedTaskList2
                0x0000000020000574       0x14 ./Middlewares/Third_Party/FreeRTOS/Source/tasks.o
 .bss.pxDelayedTaskList
                0x0000000020000588        0x4 ./Middlewares/Third_Party/FreeRTOS/Source/tasks.o
 .bss.pxOverflowDelayedTaskList
                0x000000002000058c        0x4 ./Middlewares/Third_Party/FreeRTOS/Source/tasks.o
 .bss.xPendingReadyList
                0x0000000020000590       0x14 ./Middlewares/Third_Party/FreeRTOS/Source/tasks.o
 .bss.xTasksWaitingTermination
                0x00000000200005a4       0x14 ./Middlewares/Third_Party/FreeRTOS/Source/tasks.o
 .bss.uxDeletedTasksWaitingCleanUp
                0x00000000200005b8        0x4 ./Middlewares/Third_Party/FreeRTOS/Source/tasks.o
 .bss.xSuspendedTaskList
                0x00000000200005bc       0x14 ./Middlewares/Third_Party/FreeRTOS/Source/tasks.o
 .bss.uxCurrentNumberOfTasks
                0x00000000200005d0        0x4 ./Middlewares/Third_Party/FreeRTOS/Source/tasks.o
 .bss.xTickCount
                0x00000000200005d4        0x4 ./Middlewares/Third_Party/FreeRTOS/Source/tasks.o
 .bss.uxTopReadyPriority
                0x00000000200005d8        0x4 ./Middlewares/Third_Party/FreeRTOS/Source/tasks.o
 .bss.xSchedulerRunning
                0x00000000200005dc        0x4 ./Middlewares/Third_Party/FreeRTOS/Source/tasks.o
 .bss.xPendedTicks
                0x00000000200005e0        0x4 ./Middlewares/Third_Party/FreeRTOS/Source/tasks.o
 .bss.xYieldPending
                0x00000000200005e4        0x4 ./Middlewares/Third_Party/FreeRTOS/Source/tasks.o
 .bss.xNumOfOverflows
                0x00000000200005e8        0x4 ./Middlewares/Third_Party/FreeRTOS/Source/tasks.o
 .bss.uxTaskNumber
                0x00000000200005ec        0x4 ./Middlewares/Third_Party/FreeRTOS/Source/tasks.o
 .bss.xNextTaskUnblockTime
                0x00000000200005f0        0x4 ./Middlewares/Third_Party/FreeRTOS/Source/tasks.o
 .bss.xIdleTaskHandle
                0x00000000200005f4        0x4 ./Middlewares/Third_Party/FreeRTOS/Source/tasks.o
 .bss.uxSchedulerSuspended
                0x00000000200005f8        0x4 ./Middlewares/Third_Party/FreeRTOS/Source/tasks.o
 .bss.ucMaxSysCallPriority
                0x00000000200005fc        0x1 ./Middlewares/Third_Party/FreeRTOS/Source/portable/GCC/ARM_CM4F/port.o
 *fill*         0x00000000200005fd        0x3 
 .bss.ulMaxPRIGROUPValue
                0x0000000020000600        0x4 ./Middlewares/Third_Party/FreeRTOS/Source/portable/GCC/ARM_CM4F/port.o
 .bss.ucHeap    0x0000000020000604     0x3c00 ./Middlewares/Third_Party/FreeRTOS/Source/portable/MemMang/heap_4.o
 .bss.xStart    0x0000000020004204        0x8 ./Middlewares/Third_Party/FreeRTOS/Source/portable/MemMang/heap_4.o
 .bss.pxEnd     0x000000002000420c        0x4 ./Middlewares/Third_Party/FreeRTOS/Source/portable/MemMang/heap_4.o
 .bss.xFreeBytesRemaining
                0x0000000020004210        0x4 ./Middlewares/Third_Party/FreeRTOS/Source/portable/MemMang/heap_4.o
 .bss.xMinimumEverFreeBytesRemaining
                0x0000000020004214        0x4 ./Middlewares/Third_Party/FreeRTOS/Source/portable/MemMang/heap_4.o
 .bss.xNumberOfSuccessfulAllocations
                0x0000000020004218        0x4 ./Middlewares/Third_Party/FreeRTOS/Source/portable/MemMang/heap_4.o
 .bss.xNumberOfSuccessfulFrees
                0x000000002000421c        0x4 ./Middlewares/Third_Party/FreeRTOS/Source/portable/MemMang/heap_4.o
 .bss.xBlockAllocatedBit
                0x0000000020004220        0x4 ./Middlewares/Third_Party/FreeRTOS/Source/portable/MemMang/heap_4.o
 .bss.__lock___malloc_recursive_mutex
                0x0000000020004224        0x1 /opt/st/stm32cubeide_1.11.0/plugins/com.st.stm32cube.ide.mcu.externaltools.gnu-tools-for-stm32.10.3-2021.10.linux64_1.0.100.202210260954/tools/bin/../lib/gcc/arm-none-eabi/10.3.1/../../../../arm-none-eabi/lib/thumb/v7e-m+fp/hard/libc_nano.a(lib_a-lock.o)
                0x0000000020004224                __lock___malloc_recursive_mutex
 *fill*         0x0000000020004225        0x3 
 .bss.__malloc_free_list
                0x0000000020004228        0x4 /opt/st/stm32cubeide_1.11.0/plugins/com.st.stm32cube.ide.mcu.externaltools.gnu-tools-for-stm32.10.3-2021.10.linux64_1.0.100.202210260954/tools/bin/../lib/gcc/arm-none-eabi/10.3.1/../../../../arm-none-eabi/lib/thumb/v7e-m+fp/hard/libc_nano.a(lib_a-nano-mallocr.o)
                0x0000000020004228                __malloc_free_list
 *(COMMON)
                0x000000002000422c                . = ALIGN (0x4)
                0x000000002000422c                _ebss = .
                0x000000002000422c                __bss_end__ = _ebss

._user_heap_stack
                0x000000002000422c      0x604 load address 0x00000000080060d8
                0x0000000020004230                . = ALIGN (0x8)
 *fill*         0x000000002000422c        0x4 
                [!provide]                        PROVIDE (end = .)
                0x0000000020004230                PROVIDE (_end = .)
                0x0000000020004430                . = (. + _Min_Heap_Size)
 *fill*         0x0000000020004230      0x200 
                0x0000000020004830                . = (. + _Min_Stack_Size)
 *fill*         0x0000000020004430      0x400 
                0x0000000020004830                . = ALIGN (0x8)

/DISCARD/
 libc.a(*)
 libm.a(*)
 libgcc.a(*)

.ARM.attributes
                0x0000000000000000       0x30
 *(.ARM.attributes)
 .ARM.attributes
                0x0000000000000000       0x1e /opt/st/stm32cubeide_1.11.0/plugins/com.st.stm32cube.ide.mcu.externaltools.gnu-tools-for-stm32.10.3-2021.10.linux64_1.0.100.202210260954/tools/bin/../lib/gcc/arm-none-eabi/10.3.1/thumb/v7e-m+fp/hard/crti.o
 .ARM.attributes
                0x000000000000001e       0x34 /opt/st/stm32cubeide_1.11.0/plugins/com.st.stm32cube.ide.mcu.externaltools.gnu-tools-for-stm32.10.3-2021.10.linux64_1.0.100.202210260954/tools/bin/../lib/gcc/arm-none-eabi/10.3.1/thumb/v7e-m+fp/hard/crtbegin.o
 .ARM.attributes
                0x0000000000000052       0x34 ./Core/Src/freertos.o
 .ARM.attributes
                0x0000000000000086       0x34 ./Core/Src/main.o
 .ARM.attributes
                0x00000000000000ba       0x34 ./Core/Src/stm32f4xx_hal_msp.o
 .ARM.attributes
                0x00000000000000ee       0x34 ./Core/Src/stm32f4xx_hal_timebase_tim.o
 .ARM.attributes
                0x0000000000000122       0x34 ./Core/Src/stm32f4xx_it.o
 .ARM.attributes
                0x0000000000000156       0x34 ./Core/Src/system_stm32f4xx.o
 .ARM.attributes
                0x000000000000018a       0x21 ./Core/Startup/startup_stm32f411ceux.o
 .ARM.attributes
                0x00000000000001ab       0x34 ./Drivers/STM32F4xx_HAL_Driver/Src/stm32f4xx_hal.o
 .ARM.attributes
                0x00000000000001df       0x34 ./Drivers/STM32F4xx_HAL_Driver/Src/stm32f4xx_hal_cortex.o
 .ARM.attributes
                0x0000000000000213       0x34 ./Drivers/STM32F4xx_HAL_Driver/Src/stm32f4xx_hal_gpio.o
 .ARM.attributes
                0x0000000000000247       0x34 ./Drivers/STM32F4xx_HAL_Driver/Src/stm32f4xx_hal_i2c.o
 .ARM.attributes
                0x000000000000027b       0x34 ./Drivers/STM32F4xx_HAL_Driver/Src/stm32f4xx_hal_rcc.o
 .ARM.attributes
                0x00000000000002af       0x34 ./Drivers/STM32F4xx_HAL_Driver/Src/stm32f4xx_hal_spi.o
 .ARM.attributes
                0x00000000000002e3       0x34 ./Drivers/STM32F4xx_HAL_Driver/Src/stm32f4xx_hal_tim.o
 .ARM.attributes
                0x0000000000000317       0x34 ./Drivers/STM32F4xx_HAL_Driver/Src/stm32f4xx_hal_tim_ex.o
 .ARM.attributes
                0x000000000000034b       0x34 ./Drivers/STM32F4xx_HAL_Driver/Src/stm32f4xx_hal_uart.o
 .ARM.attributes
                0x000000000000037f       0x34 ./Middlewares/Third_Party/FreeRTOS/Source/CMSIS_RTOS/cmsis_os.o
 .ARM.attributes
                0x00000000000003b3       0x34 ./Middlewares/Third_Party/FreeRTOS/Source/list.o
 .ARM.attributes
                0x00000000000003e7       0x34 ./Middlewares/Third_Party/FreeRTOS/Source/tasks.o
 .ARM.attributes
                0x000000000000041b       0x34 ./Middlewares/Third_Party/FreeRTOS/Source/portable/GCC/ARM_CM4F/port.o
 .ARM.attributes
                0x000000000000044f       0x34 ./Middlewares/Third_Party/FreeRTOS/Source/portable/MemMang/heap_4.o
 .ARM.attributes
                0x0000000000000483       0x34 ./User_Libs/TFT.o
 .ARM.attributes
                0x00000000000004b7       0x34 /opt/st/stm32cubeide_1.11.0/plugins/com.st.stm32cube.ide.mcu.externaltools.gnu-tools-for-stm32.10.3-2021.10.linux64_1.0.100.202210260954/tools/bin/../lib/gcc/arm-none-eabi/10.3.1/../../../../arm-none-eabi/lib/thumb/v7e-m+fp/hard/libc_nano.a(lib_a-findfp.o)
 .ARM.attributes
                0x00000000000004eb       0x34 /opt/st/stm32cubeide_1.11.0/plugins/com.st.stm32cube.ide.mcu.externaltools.gnu-tools-for-stm32.10.3-2021.10.linux64_1.0.100.202210260954/tools/bin/../lib/gcc/arm-none-eabi/10.3.1/../../../../arm-none-eabi/lib/thumb/v7e-m+fp/hard/libc_nano.a(lib_a-impure.o)
 .ARM.attributes
                0x000000000000051f       0x34 /opt/st/stm32cubeide_1.11.0/plugins/com.st.stm32cube.ide.mcu.externaltools.gnu-tools-for-stm32.10.3-2021.10.linux64_1.0.100.202210260954/tools/bin/../lib/gcc/arm-none-eabi/10.3.1/../../../../arm-none-eabi/lib/thumb/v7e-m+fp/hard/libc_nano.a(lib_a-init.o)
 .ARM.attributes
                0x0000000000000553       0x34 /opt/st/stm32cubeide_1.11.0/plugins/com.st.stm32cube.ide.mcu.externaltools.gnu-tools-for-stm32.10.3-2021.10.linux64_1.0.100.202210260954/tools/bin/../lib/gcc/arm-none-eabi/10.3.1/../../../../arm-none-eabi/lib/thumb/v7e-m+fp/hard/libc_nano.a(lib_a-lock.o)
 .ARM.attributes
                0x0000000000000587       0x34 /opt/st/stm32cubeide_1.11.0/plugins/com.st.stm32cube.ide.mcu.externaltools.gnu-tools-for-stm32.10.3-2021.10.linux64_1.0.100.202210260954/tools/bin/../lib/gcc/arm-none-eabi/10.3.1/../../../../arm-none-eabi/lib/thumb/v7e-m+fp/hard/libc_nano.a(lib_a-memset.o)
 .ARM.attributes
                0x00000000000005bb       0x34 /opt/st/stm32cubeide_1.11.0/plugins/com.st.stm32cube.ide.mcu.externaltools.gnu-tools-for-stm32.10.3-2021.10.linux64_1.0.100.202210260954/tools/bin/../lib/gcc/arm-none-eabi/10.3.1/../../../../arm-none-eabi/lib/thumb/v7e-m+fp/hard/libc_nano.a(lib_a-nano-mallocr.o)
 .ARM.attributes
                0x00000000000005ef       0x34 /opt/st/stm32cubeide_1.11.0/plugins/com.st.stm32cube.ide.mcu.externaltools.gnu-tools-for-stm32.10.3-2021.10.linux64_1.0.100.202210260954/tools/bin/../lib/gcc/arm-none-eabi/10.3.1/../../../../arm-none-eabi/lib/thumb/v7e-m+fp/hard/libc_nano.a(lib_a-reent.o)
 .ARM.attributes
                0x0000000000000623       0x34 /opt/st/stm32cubeide_1.11.0/plugins/com.st.stm32cube.ide.mcu.externaltools.gnu-tools-for-stm32.10.3-2021.10.linux64_1.0.100.202210260954/tools/bin/../lib/gcc/arm-none-eabi/10.3.1/../../../../arm-none-eabi/lib/thumb/v7e-m+fp/hard/libc_nano.a(lib_a-mlock.o)
 .ARM.attributes
                0x0000000000000657       0x34 /opt/st/stm32cubeide_1.11.0/plugins/com.st.stm32cube.ide.mcu.externaltools.gnu-tools-for-stm32.10.3-2021.10.linux64_1.0.100.202210260954/tools/bin/../lib/gcc/arm-none-eabi/10.3.1/../../../../arm-none-eabi/lib/thumb/v7e-m+fp/hard/libc_nano.a(lib_a-nano-freer.o)
 .ARM.attributes
                0x000000000000068b       0x1e /opt/st/stm32cubeide_1.11.0/plugins/com.st.stm32cube.ide.mcu.externaltools.gnu-tools-for-stm32.10.3-2021.10.linux64_1.0.100.202210260954/tools/bin/../lib/gcc/arm-none-eabi/10.3.1/thumb/v7e-m+fp/hard/libgcc.a(_aeabi_uldivmod.o)
 .ARM.attributes
                0x00000000000006a9       0x34 /opt/st/stm32cubeide_1.11.0/plugins/com.st.stm32cube.ide.mcu.externaltools.gnu-tools-for-stm32.10.3-2021.10.linux64_1.0.100.202210260954/tools/bin/../lib/gcc/arm-none-eabi/10.3.1/thumb/v7e-m+fp/hard/libgcc.a(_udivmoddi4.o)
 .ARM.attributes
                0x00000000000006dd       0x1e /opt/st/stm32cubeide_1.11.0/plugins/com.st.stm32cube.ide.mcu.externaltools.gnu-tools-for-stm32.10.3-2021.10.linux64_1.0.100.202210260954/tools/bin/../lib/gcc/arm-none-eabi/10.3.1/thumb/v7e-m+fp/hard/libgcc.a(_dvmd_tls.o)
 .ARM.attributes
                0x00000000000006fb       0x1e /opt/st/stm32cubeide_1.11.0/plugins/com.st.stm32cube.ide.mcu.externaltools.gnu-tools-for-stm32.10.3-2021.10.linux64_1.0.100.202210260954/tools/bin/../lib/gcc/arm-none-eabi/10.3.1/thumb/v7e-m+fp/hard/crtn.o
OUTPUT(NODE_F4.elf elf32-littlearm)
LOAD linker stubs
LOAD /opt/st/stm32cubeide_1.11.0/plugins/com.st.stm32cube.ide.mcu.externaltools.gnu-tools-for-stm32.10.3-2021.10.linux64_1.0.100.202210260954/tools/bin/../lib/gcc/arm-none-eabi/10.3.1/../../../../arm-none-eabi/lib/thumb/v7e-m+fp/hard/libc.a
LOAD /opt/st/stm32cubeide_1.11.0/plugins/com.st.stm32cube.ide.mcu.externaltools.gnu-tools-for-stm32.10.3-2021.10.linux64_1.0.100.202210260954/tools/bin/../lib/gcc/arm-none-eabi/10.3.1/../../../../arm-none-eabi/lib/thumb/v7e-m+fp/hard/libm.a
LOAD /opt/st/stm32cubeide_1.11.0/plugins/com.st.stm32cube.ide.mcu.externaltools.gnu-tools-for-stm32.10.3-2021.10.linux64_1.0.100.202210260954/tools/bin/../lib/gcc/arm-none-eabi/10.3.1/thumb/v7e-m+fp/hard/libgcc.a

.debug_info     0x0000000000000000    0x19912
 .debug_info    0x0000000000000000      0x9b6 ./Core/Src/freertos.o
 .debug_info    0x00000000000009b6     0x234e ./Core/Src/main.o
 .debug_info    0x0000000000002d04     0x1568 ./Core/Src/stm32f4xx_hal_msp.o
 .debug_info    0x000000000000426c      0xbdf ./Core/Src/stm32f4xx_hal_timebase_tim.o
 .debug_info    0x0000000000004e4b      0x73e ./Core/Src/stm32f4xx_it.o
 .debug_info    0x0000000000005589      0x54f ./Core/Src/system_stm32f4xx.o
 .debug_info    0x0000000000005ad8       0x22 ./Core/Startup/startup_stm32f411ceux.o
 .debug_info    0x0000000000005afa      0x90d ./Drivers/STM32F4xx_HAL_Driver/Src/stm32f4xx_hal.o
 .debug_info    0x0000000000006407      0xd8b ./Drivers/STM32F4xx_HAL_Driver/Src/stm32f4xx_hal_cortex.o
 .debug_info    0x0000000000007192      0x78e ./Drivers/STM32F4xx_HAL_Driver/Src/stm32f4xx_hal_gpio.o
 .debug_info    0x0000000000007920     0x260f ./Drivers/STM32F4xx_HAL_Driver/Src/stm32f4xx_hal_i2c.o
 .debug_info    0x0000000000009f2f      0x98d ./Drivers/STM32F4xx_HAL_Driver/Src/stm32f4xx_hal_rcc.o
 .debug_info    0x000000000000a8bc     0x1750 ./Drivers/STM32F4xx_HAL_Driver/Src/stm32f4xx_hal_spi.o
 .debug_info    0x000000000000c00c     0x2bb6 ./Drivers/STM32F4xx_HAL_Driver/Src/stm32f4xx_hal_tim.o
 .debug_info    0x000000000000ebc2     0x15d8 ./Drivers/STM32F4xx_HAL_Driver/Src/stm32f4xx_hal_tim_ex.o
 .debug_info    0x000000000001019a     0x31b4 ./Drivers/STM32F4xx_HAL_Driver/Src/stm32f4xx_hal_uart.o
 .debug_info    0x000000000001334e     0x2352 ./Middlewares/Third_Party/FreeRTOS/Source/CMSIS_RTOS/cmsis_os.o
 .debug_info    0x00000000000156a0      0x2d1 ./Middlewares/Third_Party/FreeRTOS/Source/list.o
 .debug_info    0x0000000000015971     0x25e2 ./Middlewares/Third_Party/FreeRTOS/Source/tasks.o
 .debug_info    0x0000000000017f53      0x507 ./Middlewares/Third_Party/FreeRTOS/Source/portable/GCC/ARM_CM4F/port.o
 .debug_info    0x000000000001845a      0x50b ./Middlewares/Third_Party/FreeRTOS/Source/portable/MemMang/heap_4.o
 .debug_info    0x0000000000018965      0xfad ./User_Libs/TFT.o

.debug_abbrev   0x0000000000000000     0x31e7
 .debug_abbrev  0x0000000000000000      0x169 ./Core/Src/freertos.o
 .debug_abbrev  0x0000000000000169      0x33d ./Core/Src/main.o
 .debug_abbrev  0x00000000000004a6      0x226 ./Core/Src/stm32f4xx_hal_msp.o
 .debug_abbrev  0x00000000000006cc      0x1f7 ./Core/Src/stm32f4xx_hal_timebase_tim.o
 .debug_abbrev  0x00000000000008c3      0x197 ./Core/Src/stm32f4xx_it.o
 .debug_abbrev  0x0000000000000a5a      0x116 ./Core/Src/system_stm32f4xx.o
 .debug_abbrev  0x0000000000000b70       0x12 ./Core/Startup/startup_stm32f411ceux.o
 .debug_abbrev  0x0000000000000b82      0x23e ./Drivers/STM32F4xx_HAL_Driver/Src/stm32f4xx_hal.o
 .debug_abbrev  0x0000000000000dc0      0x316 ./Drivers/STM32F4xx_HAL_Driver/Src/stm32f4xx_hal_cortex.o
 .debug_abbrev  0x00000000000010d6      0x1c4 ./Drivers/STM32F4xx_HAL_Driver/Src/stm32f4xx_hal_gpio.o
 .debug_abbrev  0x000000000000129a      0x2a8 ./Drivers/STM32F4xx_HAL_Driver/Src/stm32f4xx_hal_i2c.o
 .debug_abbrev  0x0000000000001542      0x2aa ./Drivers/STM32F4xx_HAL_Driver/Src/stm32f4xx_hal_rcc.o
 .debug_abbrev  0x00000000000017ec      0x26e ./Drivers/STM32F4xx_HAL_Driver/Src/stm32f4xx_hal_spi.o
 .debug_abbrev  0x0000000000001a5a      0x26e ./Drivers/STM32F4xx_HAL_Driver/Src/stm32f4xx_hal_tim.o
 .debug_abbrev  0x0000000000001cc8      0x276 ./Drivers/STM32F4xx_HAL_Driver/Src/stm32f4xx_hal_tim_ex.o
 .debug_abbrev  0x0000000000001f3e      0x305 ./Drivers/STM32F4xx_HAL_Driver/Src/stm32f4xx_hal_uart.o
 .debug_abbrev  0x0000000000002243      0x406 ./Middlewares/Third_Party/FreeRTOS/Source/CMSIS_RTOS/cmsis_os.o
 .debug_abbrev  0x0000000000002649       0xf2 ./Middlewares/Third_Party/FreeRTOS/Source/list.o
 .debug_abbrev  0x000000000000273b      0x3c4 ./Middlewares/Third_Party/FreeRTOS/Source/tasks.o
 .debug_abbrev  0x0000000000002aff      0x259 ./Middlewares/Third_Party/FreeRTOS/Source/portable/GCC/ARM_CM4F/port.o
 .debug_abbrev  0x0000000000002d58      0x212 ./Middlewares/Third_Party/FreeRTOS/Source/portable/MemMang/heap_4.o
 .debug_abbrev  0x0000000000002f6a      0x27d ./User_Libs/TFT.o

.debug_aranges  0x0000000000000000     0x1598
 .debug_aranges
                0x0000000000000000       0x20 ./Core/Src/freertos.o
 .debug_aranges
                0x0000000000000020       0x70 ./Core/Src/main.o
 .debug_aranges
                0x0000000000000090       0x60 ./Core/Src/stm32f4xx_hal_msp.o
 .debug_aranges
                0x00000000000000f0       0x30 ./Core/Src/stm32f4xx_hal_timebase_tim.o
 .debug_aranges
                0x0000000000000120       0x60 ./Core/Src/stm32f4xx_it.o
 .debug_aranges
                0x0000000000000180       0x28 ./Core/Src/system_stm32f4xx.o
 .debug_aranges
                0x00000000000001a8       0x28 ./Core/Startup/startup_stm32f411ceux.o
 .debug_aranges
                0x00000000000001d0       0xf0 ./Drivers/STM32F4xx_HAL_Driver/Src/stm32f4xx_hal.o
 .debug_aranges
                0x00000000000002c0      0x118 ./Drivers/STM32F4xx_HAL_Driver/Src/stm32f4xx_hal_cortex.o
 .debug_aranges
                0x00000000000003d8       0x58 ./Drivers/STM32F4xx_HAL_Driver/Src/stm32f4xx_hal_gpio.o
 .debug_aranges
                0x0000000000000430      0x2a0 ./Drivers/STM32F4xx_HAL_Driver/Src/stm32f4xx_hal_i2c.o
 .debug_aranges
                0x00000000000006d0       0x88 ./Drivers/STM32F4xx_HAL_Driver/Src/stm32f4xx_hal_rcc.o
 .debug_aranges
                0x0000000000000758      0x1d0 ./Drivers/STM32F4xx_HAL_Driver/Src/stm32f4xx_hal_spi.o
 .debug_aranges
                0x0000000000000928      0x3d0 ./Drivers/STM32F4xx_HAL_Driver/Src/stm32f4xx_hal_tim.o
 .debug_aranges
                0x0000000000000cf8      0x168 ./Drivers/STM32F4xx_HAL_Driver/Src/stm32f4xx_hal_tim_ex.o
 .debug_aranges
                0x0000000000000e60      0x200 ./Drivers/STM32F4xx_HAL_Driver/Src/stm32f4xx_hal_uart.o
 .debug_aranges
                0x0000000000001060      0x1d8 ./Middlewares/Third_Party/FreeRTOS/Source/CMSIS_RTOS/cmsis_os.o
 .debug_aranges
                0x0000000000001238       0x40 ./Middlewares/Third_Party/FreeRTOS/Source/list.o
 .debug_aranges
                0x0000000000001278      0x1b8 ./Middlewares/Third_Party/FreeRTOS/Source/tasks.o
 .debug_aranges
                0x0000000000001430       0x80 ./Middlewares/Third_Party/FreeRTOS/Source/portable/GCC/ARM_CM4F/port.o
 .debug_aranges
                0x00000000000014b0       0x58 ./Middlewares/Third_Party/FreeRTOS/Source/portable/MemMang/heap_4.o
 .debug_aranges
                0x0000000000001508       0x90 ./User_Libs/TFT.o

.debug_ranges   0x0000000000000000     0x1488
 .debug_ranges  0x0000000000000000       0x10 ./Core/Src/freertos.o
 .debug_ranges  0x0000000000000010       0x60 ./Core/Src/main.o
 .debug_ranges  0x0000000000000070       0x50 ./Core/Src/stm32f4xx_hal_msp.o
 .debug_ranges  0x00000000000000c0       0x20 ./Core/Src/stm32f4xx_hal_timebase_tim.o
 .debug_ranges  0x00000000000000e0       0x50 ./Core/Src/stm32f4xx_it.o
 .debug_ranges  0x0000000000000130       0x18 ./Core/Src/system_stm32f4xx.o
 .debug_ranges  0x0000000000000148       0x20 ./Core/Startup/startup_stm32f411ceux.o
 .debug_ranges  0x0000000000000168       0xe0 ./Drivers/STM32F4xx_HAL_Driver/Src/stm32f4xx_hal.o
 .debug_ranges  0x0000000000000248      0x108 ./Drivers/STM32F4xx_HAL_Driver/Src/stm32f4xx_hal_cortex.o
 .debug_ranges  0x0000000000000350       0x48 ./Drivers/STM32F4xx_HAL_Driver/Src/stm32f4xx_hal_gpio.o
 .debug_ranges  0x0000000000000398      0x2a8 ./Drivers/STM32F4xx_HAL_Driver/Src/stm32f4xx_hal_i2c.o
 .debug_ranges  0x0000000000000640       0x78 ./Drivers/STM32F4xx_HAL_Driver/Src/stm32f4xx_hal_rcc.o
 .debug_ranges  0x00000000000006b8      0x1c0 ./Drivers/STM32F4xx_HAL_Driver/Src/stm32f4xx_hal_spi.o
 .debug_ranges  0x0000000000000878      0x3c0 ./Drivers/STM32F4xx_HAL_Driver/Src/stm32f4xx_hal_tim.o
 .debug_ranges  0x0000000000000c38      0x158 ./Drivers/STM32F4xx_HAL_Driver/Src/stm32f4xx_hal_tim_ex.o
 .debug_ranges  0x0000000000000d90      0x220 ./Drivers/STM32F4xx_HAL_Driver/Src/stm32f4xx_hal_uart.o
 .debug_ranges  0x0000000000000fb0      0x1c8 ./Middlewares/Third_Party/FreeRTOS/Source/CMSIS_RTOS/cmsis_os.o
 .debug_ranges  0x0000000000001178       0x30 ./Middlewares/Third_Party/FreeRTOS/Source/list.o
 .debug_ranges  0x00000000000011a8      0x1a8 ./Middlewares/Third_Party/FreeRTOS/Source/tasks.o
 .debug_ranges  0x0000000000001350       0x70 ./Middlewares/Third_Party/FreeRTOS/Source/portable/GCC/ARM_CM4F/port.o
 .debug_ranges  0x00000000000013c0       0x48 ./Middlewares/Third_Party/FreeRTOS/Source/portable/MemMang/heap_4.o
 .debug_ranges  0x0000000000001408       0x80 ./User_Libs/TFT.o

.debug_macro    0x0000000000000000    0x187d9
 .debug_macro   0x0000000000000000      0x305 ./Core/Src/freertos.o
 .debug_macro   0x0000000000000305      0xa78 ./Core/Src/freertos.o
 .debug_macro   0x0000000000000d7d      0x174 ./Core/Src/freertos.o
 .debug_macro   0x0000000000000ef1       0x22 ./Core/Src/freertos.o
 .debug_macro   0x0000000000000f13       0x8e ./Core/Src/freertos.o
 .debug_macro   0x0000000000000fa1       0x51 ./Core/Src/freertos.o
 .debug_macro   0x0000000000000ff2      0x103 ./Core/Src/freertos.o
 .debug_macro   0x00000000000010f5       0x6a ./Core/Src/freertos.o
 .debug_macro   0x000000000000115f      0x1df ./Core/Src/freertos.o
 .debug_macro   0x000000000000133e       0xf1 ./Core/Src/freertos.o
 .debug_macro   0x000000000000142f      0x15a ./Core/Src/freertos.o
 .debug_macro   0x0000000000001589       0xde ./Core/Src/freertos.o
 .debug_macro   0x0000000000001667       0x1c ./Core/Src/freertos.o
 .debug_macro   0x0000000000001683       0x26 ./Core/Src/freertos.o
 .debug_macro   0x00000000000016a9       0x52 ./Core/Src/freertos.o
 .debug_macro   0x00000000000016fb       0x1e ./Core/Src/freertos.o
 .debug_macro   0x0000000000001719       0x3c ./Core/Src/freertos.o
 .debug_macro   0x0000000000001755       0x34 ./Core/Src/freertos.o
 .debug_macro   0x0000000000001789       0x16 ./Core/Src/freertos.o
 .debug_macro   0x000000000000179f       0x43 ./Core/Src/freertos.o
 .debug_macro   0x00000000000017e2       0x34 ./Core/Src/freertos.o
 .debug_macro   0x0000000000001816       0x10 ./Core/Src/freertos.o
 .debug_macro   0x0000000000001826       0x58 ./Core/Src/freertos.o
 .debug_macro   0x000000000000187e       0x71 ./Core/Src/freertos.o
 .debug_macro   0x00000000000018ef       0x1c ./Core/Src/freertos.o
 .debug_macro   0x000000000000190b      0x12a ./Core/Src/freertos.o
 .debug_macro   0x0000000000001a35       0x10 ./Core/Src/freertos.o
 .debug_macro   0x0000000000001a45       0x35 ./Core/Src/freertos.o
 .debug_macro   0x0000000000001a7a      0x4fe ./Core/Src/freertos.o
 .debug_macro   0x0000000000001f78       0xb5 ./Core/Src/freertos.o
 .debug_macro   0x000000000000202d       0xaa ./Core/Src/freertos.o
 .debug_macro   0x00000000000020d7      0x2a7 ./Core/Src/freertos.o
 .debug_macro   0x000000000000237e       0x2e ./Core/Src/freertos.o
 .debug_macro   0x00000000000023ac       0x28 ./Core/Src/freertos.o
 .debug_macro   0x00000000000023d4       0x1c ./Core/Src/freertos.o
 .debug_macro   0x00000000000023f0       0x22 ./Core/Src/freertos.o
 .debug_macro   0x0000000000002412       0xd9 ./Core/Src/freertos.o
 .debug_macro   0x00000000000024eb     0x102d ./Core/Src/freertos.o
 .debug_macro   0x0000000000003518      0x11f ./Core/Src/freertos.o
 .debug_macro   0x0000000000003637     0xb953 ./Core/Src/freertos.o
 .debug_macro   0x000000000000ef8a       0x6d ./Core/Src/freertos.o
 .debug_macro   0x000000000000eff7     0x367e ./Core/Src/freertos.o
 .debug_macro   0x0000000000012675       0x5c ./Core/Src/freertos.o
 .debug_macro   0x00000000000126d1      0x447 ./Core/Src/freertos.o
 .debug_macro   0x0000000000012b18      0x9fe ./Core/Src/freertos.o
 .debug_macro   0x0000000000013516      0x115 ./Core/Src/freertos.o
 .debug_macro   0x000000000001362b      0x11b ./Core/Src/freertos.o
 .debug_macro   0x0000000000013746       0xa5 ./Core/Src/freertos.o
 .debug_macro   0x00000000000137eb      0x15f ./Core/Src/freertos.o
 .debug_macro   0x000000000001394a      0x287 ./Core/Src/freertos.o
 .debug_macro   0x0000000000013bd1       0x5f ./Core/Src/freertos.o
 .debug_macro   0x0000000000013c30      0x236 ./Core/Src/freertos.o
 .debug_macro   0x0000000000013e66      0x132 ./Core/Src/freertos.o
 .debug_macro   0x0000000000013f98      0x264 ./Core/Src/freertos.o
 .debug_macro   0x00000000000141fc       0x2e ./Core/Src/freertos.o
 .debug_macro   0x000000000001422a      0x1b5 ./Core/Src/freertos.o
 .debug_macro   0x00000000000143df       0x22 ./Core/Src/freertos.o
 .debug_macro   0x0000000000014401       0xd6 ./Core/Src/freertos.o
 .debug_macro   0x00000000000144d7      0x11a ./Core/Src/freertos.o
 .debug_macro   0x00000000000145f1       0x85 ./Core/Src/freertos.o
 .debug_macro   0x0000000000014676       0x89 ./Core/Src/freertos.o
 .debug_macro   0x00000000000146ff      0x225 ./Core/Src/freertos.o
 .debug_macro   0x0000000000014924      0x8e6 ./Core/Src/freertos.o
 .debug_macro   0x000000000001520a       0x47 ./Core/Src/freertos.o
 .debug_macro   0x0000000000015251      0x295 ./Core/Src/freertos.o
 .debug_macro   0x00000000000154e6      0x126 ./Core/Src/freertos.o
 .debug_macro   0x000000000001560c      0x118 ./Core/Src/freertos.o
 .debug_macro   0x0000000000015724      0x368 ./Core/Src/main.o
 .debug_macro   0x0000000000015a8c       0xf1 ./Core/Src/main.o
 .debug_macro   0x0000000000015b7d       0x91 ./Core/Src/main.o
 .debug_macro   0x0000000000015c0e       0x8d ./Core/Src/main.o
 .debug_macro   0x0000000000015c9b       0x7e ./Core/Src/main.o
 .debug_macro   0x0000000000015d19       0x19 ./Core/Src/main.o
 .debug_macro   0x0000000000015d32       0xf2 ./Core/Src/main.o
 .debug_macro   0x0000000000015e24       0x22 ./Core/Src/main.o
 .debug_macro   0x0000000000015e46      0x11e ./Core/Src/main.o
 .debug_macro   0x0000000000015f64      0x200 ./Core/Src/stm32f4xx_hal_msp.o
 .debug_macro   0x0000000000016164      0x1f1 ./Core/Src/stm32f4xx_hal_timebase_tim.o
 .debug_macro   0x0000000000016355      0x20a ./Core/Src/stm32f4xx_it.o
 .debug_macro   0x000000000001655f      0x1f1 ./Core/Src/system_stm32f4xx.o
 .debug_macro   0x0000000000016750      0x251 ./Drivers/STM32F4xx_HAL_Driver/Src/stm32f4xx_hal.o
 .debug_macro   0x00000000000169a1      0x1f1 ./Drivers/STM32F4xx_HAL_Driver/Src/stm32f4xx_hal_cortex.o
 .debug_macro   0x0000000000016b92      0x1f7 ./Drivers/STM32F4xx_HAL_Driver/Src/stm32f4xx_hal_gpio.o
 .debug_macro   0x0000000000016d89      0x238 ./Drivers/STM32F4xx_HAL_Driver/Src/stm32f4xx_hal_i2c.o
 .debug_macro   0x0000000000016fc1      0x215 ./Drivers/STM32F4xx_HAL_Driver/Src/stm32f4xx_hal_rcc.o
 .debug_macro   0x00000000000171d6      0x200 ./Drivers/STM32F4xx_HAL_Driver/Src/stm32f4xx_hal_spi.o
 .debug_macro   0x00000000000173d6      0x1f2 ./Drivers/STM32F4xx_HAL_Driver/Src/stm32f4xx_hal_tim.o
 .debug_macro   0x00000000000175c8      0x1f1 ./Drivers/STM32F4xx_HAL_Driver/Src/stm32f4xx_hal_tim_ex.o
 .debug_macro   0x00000000000177b9      0x1f2 ./Drivers/STM32F4xx_HAL_Driver/Src/stm32f4xx_hal_uart.o
 .debug_macro   0x00000000000179ab      0x210 ./Middlewares/Third_Party/FreeRTOS/Source/CMSIS_RTOS/cmsis_os.o
 .debug_macro   0x0000000000017bbb       0x10 ./Middlewares/Third_Party/FreeRTOS/Source/CMSIS_RTOS/cmsis_os.o
 .debug_macro   0x0000000000017bcb       0x20 ./Middlewares/Third_Party/FreeRTOS/Source/CMSIS_RTOS/cmsis_os.o
 .debug_macro   0x0000000000017beb       0x16 ./Middlewares/Third_Party/FreeRTOS/Source/CMSIS_RTOS/cmsis_os.o
 .debug_macro   0x0000000000017c01       0xc7 ./Middlewares/Third_Party/FreeRTOS/Source/CMSIS_RTOS/cmsis_os.o
 .debug_macro   0x0000000000017cc8      0x199 ./Middlewares/Third_Party/FreeRTOS/Source/list.o
 .debug_macro   0x0000000000017e61      0x28b ./Middlewares/Third_Party/FreeRTOS/Source/tasks.o
 .debug_macro   0x00000000000180ec       0x10 ./Middlewares/Third_Party/FreeRTOS/Source/tasks.o
 .debug_macro   0x00000000000180fc      0x233 ./Middlewares/Third_Party/FreeRTOS/Source/portable/GCC/ARM_CM4F/port.o
 .debug_macro   0x000000000001832f      0x1c0 ./Middlewares/Third_Party/FreeRTOS/Source/portable/MemMang/heap_4.o
 .debug_macro   0x00000000000184ef      0x2ea ./User_Libs/TFT.o

.debug_line     0x0000000000000000    0x17d94
 .debug_line    0x0000000000000000      0x90a ./Core/Src/freertos.o
 .debug_line    0x000000000000090a      0xbf9 ./Core/Src/main.o
 .debug_line    0x0000000000001503      0x809 ./Core/Src/stm32f4xx_hal_msp.o
 .debug_line    0x0000000000001d0c      0x761 ./Core/Src/stm32f4xx_hal_timebase_tim.o
 .debug_line    0x000000000000246d      0x7b4 ./Core/Src/stm32f4xx_it.o
 .debug_line    0x0000000000002c21      0x769 ./Core/Src/system_stm32f4xx.o
 .debug_line    0x000000000000338a       0x88 ./Core/Startup/startup_stm32f411ceux.o
 .debug_line    0x0000000000003412      0x9cf ./Drivers/STM32F4xx_HAL_Driver/Src/stm32f4xx_hal.o
 .debug_line    0x0000000000003de1      0xc7e ./Drivers/STM32F4xx_HAL_Driver/Src/stm32f4xx_hal_cortex.o
 .debug_line    0x0000000000004a5f      0xb07 ./Drivers/STM32F4xx_HAL_Driver/Src/stm32f4xx_hal_gpio.o
 .debug_line    0x0000000000005566     0x3984 ./Drivers/STM32F4xx_HAL_Driver/Src/stm32f4xx_hal_i2c.o
 .debug_line    0x0000000000008eea      0xd49 ./Drivers/STM32F4xx_HAL_Driver/Src/stm32f4xx_hal_rcc.o
 .debug_line    0x0000000000009c33     0x1c59 ./Drivers/STM32F4xx_HAL_Driver/Src/stm32f4xx_hal_spi.o
 .debug_line    0x000000000000b88c     0x349d ./Drivers/STM32F4xx_HAL_Driver/Src/stm32f4xx_hal_tim.o
 .debug_line    0x000000000000ed29     0x1967 ./Drivers/STM32F4xx_HAL_Driver/Src/stm32f4xx_hal_tim_ex.o
 .debug_line    0x0000000000010690     0x2a74 ./Drivers/STM32F4xx_HAL_Driver/Src/stm32f4xx_hal_uart.o
 .debug_line    0x0000000000013104     0x11aa ./Middlewares/Third_Party/FreeRTOS/Source/CMSIS_RTOS/cmsis_os.o
 .debug_line    0x00000000000142ae      0x6e5 ./Middlewares/Third_Party/FreeRTOS/Source/list.o
 .debug_line    0x0000000000014993     0x191c ./Middlewares/Third_Party/FreeRTOS/Source/tasks.o
 .debug_line    0x00000000000162af      0x8ac ./Middlewares/Third_Party/FreeRTOS/Source/portable/GCC/ARM_CM4F/port.o
 .debug_line    0x0000000000016b5b      0x90f ./Middlewares/Third_Party/FreeRTOS/Source/portable/MemMang/heap_4.o
 .debug_line    0x000000000001746a      0x92a ./User_Libs/TFT.o

.debug_str      0x0000000000000000    0x9ae12
 .debug_str     0x0000000000000000    0x8f52e ./Core/Src/freertos.o
                                      0x8f83e (size before relaxing)
 .debug_str     0x000000000008f52e     0x3de1 ./Core/Src/main.o
                                      0x936da (size before relaxing)
 .debug_str     0x000000000009330f       0xea ./Core/Src/stm32f4xx_hal_msp.o
                                      0x8ad17 (size before relaxing)
 .debug_str     0x00000000000933f9       0xf5 ./Core/Src/stm32f4xx_hal_timebase_tim.o
                                      0x8a310 (size before relaxing)
 .debug_str     0x00000000000934ee       0xf6 ./Core/Src/stm32f4xx_it.o
                                      0x8a202 (size before relaxing)
 .debug_str     0x00000000000935e4       0xdb ./Core/Src/system_stm32f4xx.o
                                      0x89971 (size before relaxing)
 .debug_str     0x00000000000936bf       0x36 ./Core/Startup/startup_stm32f411ceux.o
                                         0x6b (size before relaxing)
 .debug_str     0x00000000000936f5      0x5c9 ./Drivers/STM32F4xx_HAL_Driver/Src/stm32f4xx_hal.o
                                      0x8a39d (size before relaxing)
 .debug_str     0x0000000000093cbe      0x331 ./Drivers/STM32F4xx_HAL_Driver/Src/stm32f4xx_hal_cortex.o
                                      0x8a0be (size before relaxing)
 .debug_str     0x0000000000093fef      0x108 ./Drivers/STM32F4xx_HAL_Driver/Src/stm32f4xx_hal_gpio.o
                                      0x89aec (size before relaxing)
 .debug_str     0x00000000000940f7      0xaf5 ./Drivers/STM32F4xx_HAL_Driver/Src/stm32f4xx_hal_i2c.o
                                      0x8a92f (size before relaxing)
 .debug_str     0x0000000000094bec      0x1f2 ./Drivers/STM32F4xx_HAL_Driver/Src/stm32f4xx_hal_rcc.o
                                      0x89da5 (size before relaxing)
 .debug_str     0x0000000000094dde      0x560 ./Drivers/STM32F4xx_HAL_Driver/Src/stm32f4xx_hal_spi.o
                                      0x8a223 (size before relaxing)
 .debug_str     0x000000000009533e      0xda8 ./Drivers/STM32F4xx_HAL_Driver/Src/stm32f4xx_hal_tim.o
                                      0x8acd9 (size before relaxing)
 .debug_str     0x00000000000960e6      0x493 ./Drivers/STM32F4xx_HAL_Driver/Src/stm32f4xx_hal_tim_ex.o
                                      0x8a4f5 (size before relaxing)
 .debug_str     0x0000000000096579      0x5e7 ./Drivers/STM32F4xx_HAL_Driver/Src/stm32f4xx_hal_uart.o
                                      0x8a332 (size before relaxing)
 .debug_str     0x0000000000096b60     0x1f15 ./Middlewares/Third_Party/FreeRTOS/Source/CMSIS_RTOS/cmsis_os.o
                                       0xe6ef (size before relaxing)
 .debug_str     0x0000000000098a75      0x20f ./Middlewares/Third_Party/FreeRTOS/Source/list.o
                                       0xa694 (size before relaxing)
 .debug_str     0x0000000000098c84     0x1182 ./Middlewares/Third_Party/FreeRTOS/Source/tasks.o
                                       0xcdcc (size before relaxing)
 .debug_str     0x0000000000099e06      0x783 ./Middlewares/Third_Party/FreeRTOS/Source/portable/GCC/ARM_CM4F/port.o
                                       0x9fae (size before relaxing)
 .debug_str     0x000000000009a589      0x32d ./Middlewares/Third_Party/FreeRTOS/Source/portable/MemMang/heap_4.o
                                       0xafd6 (size before relaxing)
 .debug_str     0x000000000009a8b6      0x55c ./User_Libs/TFT.o
                                      0x8ae58 (size before relaxing)

.comment        0x0000000000000000       0x50
 .comment       0x0000000000000000       0x50 ./Core/Src/freertos.o
                                         0x51 (size before relaxing)
 .comment       0x0000000000000050       0x51 ./Core/Src/main.o
 .comment       0x0000000000000050       0x51 ./Core/Src/stm32f4xx_hal_msp.o
 .comment       0x0000000000000050       0x51 ./Core/Src/stm32f4xx_hal_timebase_tim.o
 .comment       0x0000000000000050       0x51 ./Core/Src/stm32f4xx_it.o
 .comment       0x0000000000000050       0x51 ./Core/Src/system_stm32f4xx.o
 .comment       0x0000000000000050       0x51 ./Drivers/STM32F4xx_HAL_Driver/Src/stm32f4xx_hal.o
 .comment       0x0000000000000050       0x51 ./Drivers/STM32F4xx_HAL_Driver/Src/stm32f4xx_hal_cortex.o
 .comment       0x0000000000000050       0x51 ./Drivers/STM32F4xx_HAL_Driver/Src/stm32f4xx_hal_gpio.o
 .comment       0x0000000000000050       0x51 ./Drivers/STM32F4xx_HAL_Driver/Src/stm32f4xx_hal_i2c.o
 .comment       0x0000000000000050       0x51 ./Drivers/STM32F4xx_HAL_Driver/Src/stm32f4xx_hal_rcc.o
 .comment       0x0000000000000050       0x51 ./Drivers/STM32F4xx_HAL_Driver/Src/stm32f4xx_hal_spi.o
 .comment       0x0000000000000050       0x51 ./Drivers/STM32F4xx_HAL_Driver/Src/stm32f4xx_hal_tim.o
 .comment       0x0000000000000050       0x51 ./Drivers/STM32F4xx_HAL_Driver/Src/stm32f4xx_hal_tim_ex.o
 .comment       0x0000000000000050       0x51 ./Drivers/STM32F4xx_HAL_Driver/Src/stm32f4xx_hal_uart.o
 .comment       0x0000000000000050       0x51 ./Middlewares/Third_Party/FreeRTOS/Source/CMSIS_RTOS/cmsis_os.o
 .comment       0x0000000000000050       0x51 ./Middlewares/Third_Party/FreeRTOS/Source/list.o
 .comment       0x0000000000000050       0x51 ./Middlewares/Third_Party/FreeRTOS/Source/tasks.o
 .comment       0x0000000000000050       0x51 ./Middlewares/Third_Party/FreeRTOS/Source/portable/GCC/ARM_CM4F/port.o
 .comment       0x0000000000000050       0x51 ./Middlewares/Third_Party/FreeRTOS/Source/portable/MemMang/heap_4.o
 .comment       0x0000000000000050       0x51 ./User_Libs/TFT.o

.debug_frame    0x0000000000000000     0x5eb0
 .debug_frame   0x0000000000000000       0x38 ./Core/Src/freertos.o
 .debug_frame   0x0000000000000038      0x170 ./Core/Src/main.o
 .debug_frame   0x00000000000001a8      0x15c ./Core/Src/stm32f4xx_hal_msp.o
 .debug_frame   0x0000000000000304       0x74 ./Core/Src/stm32f4xx_hal_timebase_tim.o
 .debug_frame   0x0000000000000378       0xfc ./Core/Src/stm32f4xx_it.o
 .debug_frame   0x0000000000000474       0x58 ./Core/Src/system_stm32f4xx.o
 .debug_frame   0x00000000000004cc      0x374 ./Drivers/STM32F4xx_HAL_Driver/Src/stm32f4xx_hal.o
 .debug_frame   0x0000000000000840      0x498 ./Drivers/STM32F4xx_HAL_Driver/Src/stm32f4xx_hal_cortex.o
 .debug_frame   0x0000000000000cd8      0x14c ./Drivers/STM32F4xx_HAL_Driver/Src/stm32f4xx_hal_gpio.o
 .debug_frame   0x0000000000000e24      0xc5c ./Drivers/STM32F4xx_HAL_Driver/Src/stm32f4xx_hal_i2c.o
 .debug_frame   0x0000000000001a80      0x1f4 ./Drivers/STM32F4xx_HAL_Driver/Src/stm32f4xx_hal_rcc.o
 .debug_frame   0x0000000000001c74      0x824 ./Drivers/STM32F4xx_HAL_Driver/Src/stm32f4xx_hal_spi.o
 .debug_frame   0x0000000000002498     0x11bc ./Drivers/STM32F4xx_HAL_Driver/Src/stm32f4xx_hal_tim.o
 .debug_frame   0x0000000000003654      0x638 ./Drivers/STM32F4xx_HAL_Driver/Src/stm32f4xx_hal_tim_ex.o
 .debug_frame   0x0000000000003c8c      0x92c ./Drivers/STM32F4xx_HAL_Driver/Src/stm32f4xx_hal_uart.o
 .debug_frame   0x00000000000045b8      0x80c ./Middlewares/Third_Party/FreeRTOS/Source/CMSIS_RTOS/cmsis_os.o
 .debug_frame   0x0000000000004dc4       0xd8 ./Middlewares/Third_Party/FreeRTOS/Source/list.o
 .debug_frame   0x0000000000004e9c      0x77c ./Middlewares/Third_Party/FreeRTOS/Source/tasks.o
 .debug_frame   0x0000000000005618      0x1a8 ./Middlewares/Third_Party/FreeRTOS/Source/portable/GCC/ARM_CM4F/port.o
 .debug_frame   0x00000000000057c0      0x12c ./Middlewares/Third_Party/FreeRTOS/Source/portable/MemMang/heap_4.o
 .debug_frame   0x00000000000058ec      0x20c ./User_Libs/TFT.o
 .debug_frame   0x0000000000005af8      0x14c /opt/st/stm32cubeide_1.11.0/plugins/com.st.stm32cube.ide.mcu.externaltools.gnu-tools-for-stm32.10.3-2021.10.linux64_1.0.100.202210260954/tools/bin/../lib/gcc/arm-none-eabi/10.3.1/../../../../arm-none-eabi/lib/thumb/v7e-m+fp/hard/libc_nano.a(lib_a-findfp.o)
 .debug_frame   0x0000000000005c44       0x2c /opt/st/stm32cubeide_1.11.0/plugins/com.st.stm32cube.ide.mcu.externaltools.gnu-tools-for-stm32.10.3-2021.10.linux64_1.0.100.202210260954/tools/bin/../lib/gcc/arm-none-eabi/10.3.1/../../../../arm-none-eabi/lib/thumb/v7e-m+fp/hard/libc_nano.a(lib_a-init.o)
 .debug_frame   0x0000000000005c70       0xb0 /opt/st/stm32cubeide_1.11.0/plugins/com.st.stm32cube.ide.mcu.externaltools.gnu-tools-for-stm32.10.3-2021.10.linux64_1.0.100.202210260954/tools/bin/../lib/gcc/arm-none-eabi/10.3.1/../../../../arm-none-eabi/lib/thumb/v7e-m+fp/hard/libc_nano.a(lib_a-lock.o)
 .debug_frame   0x0000000000005d20       0x20 /opt/st/stm32cubeide_1.11.0/plugins/com.st.stm32cube.ide.mcu.externaltools.gnu-tools-for-stm32.10.3-2021.10.linux64_1.0.100.202210260954/tools/bin/../lib/gcc/arm-none-eabi/10.3.1/../../../../arm-none-eabi/lib/thumb/v7e-m+fp/hard/libc_nano.a(lib_a-memset.o)
 .debug_frame   0x0000000000005d40       0x4c /opt/st/stm32cubeide_1.11.0/plugins/com.st.stm32cube.ide.mcu.externaltools.gnu-tools-for-stm32.10.3-2021.10.linux64_1.0.100.202210260954/tools/bin/../lib/gcc/arm-none-eabi/10.3.1/../../../../arm-none-eabi/lib/thumb/v7e-m+fp/hard/libc_nano.a(lib_a-nano-mallocr.o)
 .debug_frame   0x0000000000005d8c       0x5c /opt/st/stm32cubeide_1.11.0/plugins/com.st.stm32cube.ide.mcu.externaltools.gnu-tools-for-stm32.10.3-2021.10.linux64_1.0.100.202210260954/tools/bin/../lib/gcc/arm-none-eabi/10.3.1/../../../../arm-none-eabi/lib/thumb/v7e-m+fp/hard/libc_nano.a(lib_a-reent.o)
 .debug_frame   0x0000000000005de8       0x30 /opt/st/stm32cubeide_1.11.0/plugins/com.st.stm32cube.ide.mcu.externaltools.gnu-tools-for-stm32.10.3-2021.10.linux64_1.0.100.202210260954/tools/bin/../lib/gcc/arm-none-eabi/10.3.1/../../../../arm-none-eabi/lib/thumb/v7e-m+fp/hard/libc_nano.a(lib_a-mlock.o)
 .debug_frame   0x0000000000005e18       0x38 /opt/st/stm32cubeide_1.11.0/plugins/com.st.stm32cube.ide.mcu.externaltools.gnu-tools-for-stm32.10.3-2021.10.linux64_1.0.100.202210260954/tools/bin/../lib/gcc/arm-none-eabi/10.3.1/../../../../arm-none-eabi/lib/thumb/v7e-m+fp/hard/libc_nano.a(lib_a-nano-freer.o)
 .debug_frame   0x0000000000005e50       0x2c /opt/st/stm32cubeide_1.11.0/plugins/com.st.stm32cube.ide.mcu.externaltools.gnu-tools-for-stm32.10.3-2021.10.linux64_1.0.100.202210260954/tools/bin/../lib/gcc/arm-none-eabi/10.3.1/thumb/v7e-m+fp/hard/libgcc.a(_aeabi_uldivmod.o)
 .debug_frame   0x0000000000005e7c       0x34 /opt/st/stm32cubeide_1.11.0/plugins/com.st.stm32cube.ide.mcu.externaltools.gnu-tools-for-stm32.10.3-2021.10.linux64_1.0.100.202210260954/tools/bin/../lib/gcc/arm-none-eabi/10.3.1/thumb/v7e-m+fp/hard/libgcc.a(_udivmoddi4.o)
