16:49:04 **** Incremental Build of configuration Debug for project Encoder ****
make -j8 all 
arm-none-eabi-gcc "../Core/Src/main.c" -mcpu=cortex-m3 -std=gnu11 -g3 -DDEBUG -DUSE_HAL_DRIVER -DSTM32F103xB -c -I../Core/Inc -I../Drivers/STM32F1xx_HAL_Driver/Inc/Legacy -I../Drivers/STM32F1xx_HAL_Driver/Inc -I../Drivers/CMSIS/Device/ST/STM32F1xx/Include -I../Drivers/CMSIS/Include -O0 -ffunction-sections -fdata-sections -Wall -fstack-usage -MMD -MP -MF"Core/Src/main.d" -MT"Core/Src/main.o" --specs=nano.specs -mfloat-abi=soft -mthumb -o "Core/Src/main.o"
arm-none-eabi-gcc -o "Encoder.elf" @"objects.list"   -mcpu=cortex-m3 -T"/home/hoanganh/STM32CubeIDE/NoiLamViec/Encoder/STM32F103C8TX_FLASH.ld" --specs=nosys.specs -Wl,-Map="Encoder.map" -Wl,--gc-sections -static --specs=nano.specs -mfloat-abi=soft -mthumb -Wl,--start-group -lc -lm -Wl,--end-group
Finished building target: Encoder.elf
 
arm-none-eabi-size   Encoder.elf 
arm-none-eabi-objdump -h -S  Encoder.elf  > "Encoder.list"
   text	   data	    bss	    dec	    hex	filename
   8120	     24	   1720	   9864	   2688	Encoder.elf
Finished building: default.size.stdout
 
Finished building: Encoder.list
 
16:56:31 **** Incremental Build of configuration Debug for project Encoder ****
make -j8 all 
arm-none-eabi-gcc "../Core/Src/main.c" -mcpu=cortex-m3 -std=gnu11 -g3 -DDEBUG -DUSE_HAL_DRIVER -DSTM32F103xB -c -I../Core/Inc -I../Drivers/STM32F1xx_HAL_Driver/Inc/Legacy -I../Drivers/STM32F1xx_HAL_Driver/Inc -I../Drivers/CMSIS/Device/ST/STM32F1xx/Include -I../Drivers/CMSIS/Include -O0 -ffunction-sections -fdata-sections -Wall -fstack-usage -MMD -MP -MF"Core/Src/main.d" -MT"Core/Src/main.o" --specs=nano.specs -mfloat-abi=soft -mthumb -o "Core/Src/main.o"
arm-none-eabi-gcc -o "Encoder.elf" @"objects.list"   -mcpu=cortex-m3 -T"/home/hoanganh/STM32CubeIDE/NoiLamViec/Encoder/STM32F103C8TX_FLASH.ld" --specs=nosys.specs -Wl,-Map="Encoder.map" -Wl,--gc-sections -static --specs=nano.specs -mfloat-abi=soft -mthumb -Wl,--start-group -lc -lm -Wl,--end-group
Finished building target: Encoder.elf
 
arm-none-eabi-size   Encoder.elf 
arm-none-eabi-objdump -h -S  Encoder.elf  > "Encoder.list"
   text	   data	    bss	    dec	    hex	filename
   8124	     24	   1720	   9868	   268c	Encoder.elf
Finished building: default.size.stdout
 
Finished building: Encoder.list
 
16:57:09 **** Incremental Build of configuration Debug for project Encoder ****
make -j8 all 
arm-none-eabi-size   Encoder.elf 
   text	   data	    bss	    dec	    hex	filename
   8124	     24	   1720	   9868	   268c	Encoder.elf
Finished building: default.size.stdout
 
16:57:27 **** Incremental Build of configuration Debug for project Encoder ****
make -j8 all 
arm-none-eabi-size   Encoder.elf 
   text	   data	    bss	    dec	    hex	filename
   8124	     24	   1720	   9868	   268c	Encoder.elf
Finished building: default.size.stdout
 
17:02:19 **** Incremental Build of configuration Debug for project Encoder ****
make -j8 all 
arm-none-eabi-gcc "../Core/Src/main.c" -mcpu=cortex-m3 -std=gnu11 -g3 -DDEBUG -DUSE_HAL_DRIVER -DSTM32F103xB -c -I../Core/Inc -I../Drivers/STM32F1xx_HAL_Driver/Inc/Legacy -I../Drivers/STM32F1xx_HAL_Driver/Inc -I../Drivers/CMSIS/Device/ST/STM32F1xx/Include -I../Drivers/CMSIS/Include -O0 -ffunction-sections -fdata-sections -Wall -fstack-usage -MMD -MP -MF"Core/Src/main.d" -MT"Core/Src/main.o" --specs=nano.specs -mfloat-abi=soft -mthumb -o "Core/Src/main.o"
arm-none-eabi-gcc -o "Encoder.elf" @"objects.list"   -mcpu=cortex-m3 -T"/home/hoanganh/STM32CubeIDE/NoiLamViec/Encoder/STM32F103C8TX_FLASH.ld" --specs=nosys.specs -Wl,-Map="Encoder.map" -Wl,--gc-sections -static --specs=nano.specs -mfloat-abi=soft -mthumb -Wl,--start-group -lc -lm -Wl,--end-group
Finished building target: Encoder.elf
 
arm-none-eabi-size   Encoder.elf 
arm-none-eabi-objdump -h -S  Encoder.elf  > "Encoder.list"
   text	   data	    bss	    dec	    hex	filename
   8124	     24	   1720	   9868	   268c	Encoder.elf
Finished building: default.size.stdout
 
Finished building: Encoder.list
 
17:05:29 **** Incremental Build of configuration Debug for project Encoder ****
make -j8 all 
arm-none-eabi-size   Encoder.elf 
   text	   data	    bss	    dec	    hex	filename
   8124	     24	   1720	   9868	   268c	Encoder.elf
Finished building: default.size.stdout
 
17:06:02 **** Incremental Build of configuration Debug for project Encoder ****
make -j8 all 
arm-none-eabi-size   Encoder.elf 
   text	   data	    bss	    dec	    hex	filename
   8124	     24	   1720	   9868	   268c	Encoder.elf
Finished building: default.size.stdout
 
17:06:30 **** Incremental Build of configuration Debug for project Encoder ****
make -j8 all 
arm-none-eabi-gcc "../Core/Src/main.c" -mcpu=cortex-m3 -std=gnu11 -g3 -DDEBUG -DUSE_HAL_DRIVER -DSTM32F103xB -c -I../Core/Inc -I../Drivers/STM32F1xx_HAL_Driver/Inc/Legacy -I../Drivers/STM32F1xx_HAL_Driver/Inc -I../Drivers/CMSIS/Device/ST/STM32F1xx/Include -I../Drivers/CMSIS/Include -O0 -ffunction-sections -fdata-sections -Wall -fstack-usage -MMD -MP -MF"Core/Src/main.d" -MT"Core/Src/main.o" --specs=nano.specs -mfloat-abi=soft -mthumb -o "Core/Src/main.o"
arm-none-eabi-gcc -o "Encoder.elf" @"objects.list"   -mcpu=cortex-m3 -T"/home/hoanganh/STM32CubeIDE/NoiLamViec/Encoder/STM32F103C8TX_FLASH.ld" --specs=nosys.specs -Wl,-Map="Encoder.map" -Wl,--gc-sections -static --specs=nano.specs -mfloat-abi=soft -mthumb -Wl,--start-group -lc -lm -Wl,--end-group
Finished building target: Encoder.elf
 
arm-none-eabi-size   Encoder.elf 
arm-none-eabi-objdump -h -S  Encoder.elf  > "Encoder.list"
   text	   data	    bss	    dec	    hex	filename
   8124	     24	   1720	   9868	   268c	Encoder.elf
Finished building: default.size.stdout
 
Finished building: Encoder.list
 
17:07:33 **** Incremental Build of configuration Debug for project Encoder ****
make -j8 all 
arm-none-eabi-gcc "../Core/Src/main.c" -mcpu=cortex-m3 -std=gnu11 -g3 -DDEBUG -DUSE_HAL_DRIVER -DSTM32F103xB -c -I../Core/Inc -I../Drivers/STM32F1xx_HAL_Driver/Inc/Legacy -I../Drivers/STM32F1xx_HAL_Driver/Inc -I../Drivers/CMSIS/Device/ST/STM32F1xx/Include -I../Drivers/CMSIS/Include -O0 -ffunction-sections -fdata-sections -Wall -fstack-usage -MMD -MP -MF"Core/Src/main.d" -MT"Core/Src/main.o" --specs=nano.specs -mfloat-abi=soft -mthumb -o "Core/Src/main.o"
arm-none-eabi-gcc -o "Encoder.elf" @"objects.list"   -mcpu=cortex-m3 -T"/home/hoanganh/STM32CubeIDE/NoiLamViec/Encoder/STM32F103C8TX_FLASH.ld" --specs=nosys.specs -Wl,-Map="Encoder.map" -Wl,--gc-sections -static --specs=nano.specs -mfloat-abi=soft -mthumb -Wl,--start-group -lc -lm -Wl,--end-group
Finished building target: Encoder.elf
 
arm-none-eabi-size   Encoder.elf 
arm-none-eabi-objdump -h -S  Encoder.elf  > "Encoder.list"
   text	   data	    bss	    dec	    hex	filename
   8116	     24	   1720	   9860	   2684	Encoder.elf
Finished building: default.size.stdout
 
Finished building: Encoder.list
 
17:08:24 **** Incremental Build of configuration Debug for project Encoder ****
make -j8 all 
arm-none-eabi-size   Encoder.elf 
   text	   data	    bss	    dec	    hex	filename
   8116	     24	   1720	   9860	   2684	Encoder.elf
Finished building: default.size.stdout
 
17:09:09 **** Incremental Build of configuration Debug for project Encoder ****
make -j8 all 
arm-none-eabi-size   Encoder.elf 
   text	   data	    bss	    dec	    hex	filename
   8116	     24	   1720	   9860	   2684	Encoder.elf
Finished building: default.size.stdout
 
17:09:51 **** Incremental Build of configuration Debug for project Encoder ****
make -j8 all 
arm-none-eabi-size   Encoder.elf 
   text	   data	    bss	    dec	    hex	filename
   8116	     24	   1720	   9860	   2684	Encoder.elf
Finished building: default.size.stdout
 
17:10:04 **** Incremental Build of configuration Debug for project Encoder ****
make -j8 all 
arm-none-eabi-size   Encoder.elf 
   text	   data	    bss	    dec	    hex	filename
   8116	     24	   1720	   9860	   2684	Encoder.elf
Finished building: default.size.stdout
 
17:11:07 **** Incremental Build of configuration Debug for project Encoder ****
make -j8 all 
arm-none-eabi-size   Encoder.elf 
   text	   data	    bss	    dec	    hex	filename
   8116	     24	   1720	   9860	   2684	Encoder.elf
Finished building: default.size.stdout
 
17:15:43 **** Incremental Build of configuration Debug for project Encoder ****
make -j8 all 
arm-none-eabi-gcc "../Core/Src/main.c" -mcpu=cortex-m3 -std=gnu11 -g3 -DDEBUG -DUSE_HAL_DRIVER -DSTM32F103xB -c -I../Core/Inc -I../Drivers/STM32F1xx_HAL_Driver/Inc/Legacy -I../Drivers/STM32F1xx_HAL_Driver/Inc -I../Drivers/CMSIS/Device/ST/STM32F1xx/Include -I../Drivers/CMSIS/Include -O0 -ffunction-sections -fdata-sections -Wall -fstack-usage -MMD -MP -MF"Core/Src/main.d" -MT"Core/Src/main.o" --specs=nano.specs -mfloat-abi=soft -mthumb -o "Core/Src/main.o"
arm-none-eabi-gcc -o "Encoder.elf" @"objects.list"   -mcpu=cortex-m3 -T"/home/hoanganh/STM32CubeIDE/NoiLamViec/Encoder/STM32F103C8TX_FLASH.ld" --specs=nosys.specs -Wl,-Map="Encoder.map" -Wl,--gc-sections -static --specs=nano.specs -mfloat-abi=soft -mthumb -Wl,--start-group -lc -lm -Wl,--end-group
Finished building target: Encoder.elf
 
arm-none-eabi-size   Encoder.elf 
arm-none-eabi-objdump -h -S  Encoder.elf  > "Encoder.list"
   text	   data	    bss	    dec	    hex	filename
   8116	     24	   1720	   9860	   2684	Encoder.elf
Finished building: default.size.stdout
 
Finished building: Encoder.list
 
17:16:46 **** Incremental Build of configuration Debug for project Encoder ****
make -j8 all 
arm-none-eabi-gcc "../Core/Src/main.c" -mcpu=cortex-m3 -std=gnu11 -g3 -DDEBUG -DUSE_HAL_DRIVER -DSTM32F103xB -c -I../Core/Inc -I../Drivers/STM32F1xx_HAL_Driver/Inc/Legacy -I../Drivers/STM32F1xx_HAL_Driver/Inc -I../Drivers/CMSIS/Device/ST/STM32F1xx/Include -I../Drivers/CMSIS/Include -O0 -ffunction-sections -fdata-sections -Wall -fstack-usage -MMD -MP -MF"Core/Src/main.d" -MT"Core/Src/main.o" --specs=nano.specs -mfloat-abi=soft -mthumb -o "Core/Src/main.o"
arm-none-eabi-gcc -o "Encoder.elf" @"objects.list"   -mcpu=cortex-m3 -T"/home/hoanganh/STM32CubeIDE/NoiLamViec/Encoder/STM32F103C8TX_FLASH.ld" --specs=nosys.specs -Wl,-Map="Encoder.map" -Wl,--gc-sections -static --specs=nano.specs -mfloat-abi=soft -mthumb -Wl,--start-group -lc -lm -Wl,--end-group
Finished building target: Encoder.elf
 
arm-none-eabi-size   Encoder.elf 
arm-none-eabi-objdump -h -S  Encoder.elf  > "Encoder.list"
   text	   data	    bss	    dec	    hex	filename
   8116	     24	   1720	   9860	   2684	Encoder.elf
Finished building: default.size.stdout
 
Finished building: Encoder.list
 
17:17:32 **** Incremental Build of configuration Debug for project Encoder ****
make -j8 all 
arm-none-eabi-size   Encoder.elf 
   text	   data	    bss	    dec	    hex	filename
   8116	     24	   1720	   9860	   2684	Encoder.elf
Finished building: default.size.stdout
 
17:18:13 **** Incremental Build of configuration Debug for project Encoder ****
make -j8 all 
arm-none-eabi-size   Encoder.elf 
   text	   data	    bss	    dec	    hex	filename
   8116	     24	   1720	   9860	   2684	Encoder.elf
Finished building: default.size.stdout
 
17:24:30 **** Incremental Build of configuration Debug for project Encoder ****
make -j8 all 
arm-none-eabi-gcc "../Core/Src/main.c" -mcpu=cortex-m3 -std=gnu11 -g3 -DDEBUG -DUSE_HAL_DRIVER -DSTM32F103xB -c -I../Core/Inc -I../Drivers/STM32F1xx_HAL_Driver/Inc/Legacy -I../Drivers/STM32F1xx_HAL_Driver/Inc -I../Drivers/CMSIS/Device/ST/STM32F1xx/Include -I../Drivers/CMSIS/Include -O0 -ffunction-sections -fdata-sections -Wall -fstack-usage -MMD -MP -MF"Core/Src/main.d" -MT"Core/Src/main.o" --specs=nano.specs -mfloat-abi=soft -mthumb -o "Core/Src/main.o"
arm-none-eabi-gcc -o "Encoder.elf" @"objects.list"   -mcpu=cortex-m3 -T"/home/hoanganh/STM32CubeIDE/NoiLamViec/Encoder/STM32F103C8TX_FLASH.ld" --specs=nosys.specs -Wl,-Map="Encoder.map" -Wl,--gc-sections -static --specs=nano.specs -mfloat-abi=soft -mthumb -Wl,--start-group -lc -lm -Wl,--end-group
Finished building target: Encoder.elf
 
arm-none-eabi-size   Encoder.elf 
arm-none-eabi-objdump -h -S  Encoder.elf  > "Encoder.list"
   text	   data	    bss	    dec	    hex	filename
   8116	     24	   1720	   9860	   2684	Encoder.elf
Finished building: default.size.stdout
 
Finished building: Encoder.list
 
17:26:50 **** Incremental Build of configuration Debug for project Encoder ****
make -j8 all 
arm-none-eabi-size   Encoder.elf 
   text	   data	    bss	    dec	    hex	filename
   8116	     24	   1720	   9860	   2684	Encoder.elf
Finished building: default.size.stdout
 
18:51:09 **** Build of configuration Debug for project Encoder ****
make -j8 all 
arm-none-eabi-size   Encoder.elf 
   text	   data	    bss	    dec	    hex	filename
   8116	     24	   1720	   9860	   2684	Encoder.elf
Finished building: default.size.stdout
 
18:52:38 **** Incremental Build of configuration Debug for project Encoder ****
make -j8 all 
arm-none-eabi-size   Encoder.elf 
   text	   data	    bss	    dec	    hex	filename
   8116	     24	   1720	   9860	   2684	Encoder.elf
Finished building: default.size.stdout
 
18:53:21 **** Incremental Build of configuration Debug for project Encoder ****
make -j8 all 
arm-none-eabi-size   Encoder.elf 
   text	   data	    bss	    dec	    hex	filename
   8116	     24	   1720	   9860	   2684	Encoder.elf
Finished building: default.size.stdout
 
18:53:39 **** Incremental Build of configuration Debug for project Encoder ****
make -j8 all 
arm-none-eabi-size   Encoder.elf 
   text	   data	    bss	    dec	    hex	filename
   8116	     24	   1720	   9860	   2684	Encoder.elf
Finished building: default.size.stdout
 
18:54:06 **** Incremental Build of configuration Debug for project Encoder ****
make -j8 all 
arm-none-eabi-size   Encoder.elf 
   text	   data	    bss	    dec	    hex	filename
   8116	     24	   1720	   9860	   2684	Encoder.elf
Finished building: default.size.stdout
 
18:54:32 **** Incremental Build of configuration Debug for project Encoder ****
make -j8 all 
arm-none-eabi-size   Encoder.elf 
   text	   data	    bss	    dec	    hex	filename
   8116	     24	   1720	   9860	   2684	Encoder.elf
Finished building: default.size.stdout
 
18:55:42 **** Incremental Build of configuration Debug for project Encoder ****
make -j8 all 
arm-none-eabi-size   Encoder.elf 
   text	   data	    bss	    dec	    hex	filename
   8116	     24	   1720	   9860	   2684	Encoder.elf
Finished building: default.size.stdout
 
18:56:10 **** Incremental Build of configuration Debug for project Encoder ****
make -j8 all 
arm-none-eabi-size   Encoder.elf 
   text	   data	    bss	    dec	    hex	filename
   8116	     24	   1720	   9860	   2684	Encoder.elf
Finished building: default.size.stdout
 
18:56:23 **** Incremental Build of configuration Debug for project Encoder ****
make -j8 all 
arm-none-eabi-size   Encoder.elf 
   text	   data	    bss	    dec	    hex	filename
   8116	     24	   1720	   9860	   2684	Encoder.elf
Finished building: default.size.stdout
 
18:57:02 **** Incremental Build of configuration Debug for project Encoder ****
make -j8 all 
arm-none-eabi-size   Encoder.elf 
   text	   data	    bss	    dec	    hex	filename
   8116	     24	   1720	   9860	   2684	Encoder.elf
Finished building: default.size.stdout
 
18:58:01 **** Incremental Build of configuration Debug for project Encoder ****
make -j8 all 
arm-none-eabi-size   Encoder.elf 
   text	   data	    bss	    dec	    hex	filename
   8116	     24	   1720	   9860	   2684	Encoder.elf
Finished building: default.size.stdout
 
18:58:44 **** Incremental Build of configuration Debug for project Encoder ****
make -j8 all 
arm-none-eabi-size   Encoder.elf 
   text	   data	    bss	    dec	    hex	filename
   8116	     24	   1720	   9860	   2684	Encoder.elf
Finished building: default.size.stdout
 
18:58:59 **** Incremental Build of configuration Debug for project Encoder ****
make -j8 all 
arm-none-eabi-size   Encoder.elf 
   text	   data	    bss	    dec	    hex	filename
   8116	     24	   1720	   9860	   2684	Encoder.elf
Finished building: default.size.stdout
 
18:59:23 **** Incremental Build of configuration Debug for project Encoder ****
make -j8 all 
arm-none-eabi-size   Encoder.elf 
   text	   data	    bss	    dec	    hex	filename
   8116	     24	   1720	   9860	   2684	Encoder.elf
Finished building: default.size.stdout
 
18:59:49 **** Incremental Build of configuration Debug for project Encoder ****
make -j8 all 
arm-none-eabi-size   Encoder.elf 
   text	   data	    bss	    dec	    hex	filename
   8116	     24	   1720	   9860	   2684	Encoder.elf
Finished building: default.size.stdout
 
19:00:06 **** Incremental Build of configuration Debug for project Encoder ****
make -j8 all 
arm-none-eabi-size   Encoder.elf 
   text	   data	    bss	    dec	    hex	filename
   8116	     24	   1720	   9860	   2684	Encoder.elf
Finished building: default.size.stdout
 
19:00:19 **** Incremental Build of configuration Debug for project Encoder ****
make -j8 all 
arm-none-eabi-size   Encoder.elf 
   text	   data	    bss	    dec	    hex	filename
   8116	     24	   1720	   9860	   2684	Encoder.elf
Finished building: default.size.stdout
 
19:00:34 **** Incremental Build of configuration Debug for project Encoder ****
make -j8 all 
arm-none-eabi-size   Encoder.elf 
   text	   data	    bss	    dec	    hex	filename
   8116	     24	   1720	   9860	   2684	Encoder.elf
Finished building: default.size.stdout
 
19:00:54 **** Incremental Build of configuration Debug for project Encoder ****
make -j8 all 
arm-none-eabi-gcc "../Core/Src/main.c" -mcpu=cortex-m3 -std=gnu11 -g3 -DDEBUG -DUSE_HAL_DRIVER -DSTM32F103xB -c -I../Core/Inc -I../Drivers/STM32F1xx_HAL_Driver/Inc/Legacy -I../Drivers/STM32F1xx_HAL_Driver/Inc -I../Drivers/CMSIS/Device/ST/STM32F1xx/Include -I../Drivers/CMSIS/Include -O0 -ffunction-sections -fdata-sections -Wall -fstack-usage -MMD -MP -MF"Core/Src/main.d" -MT"Core/Src/main.o" --specs=nano.specs -mfloat-abi=soft -mthumb -o "Core/Src/main.o"
arm-none-eabi-gcc -o "Encoder.elf" @"objects.list"   -mcpu=cortex-m3 -T"/home/hoanganh/STM32CubeIDE/NoiLamViec/Encoder/STM32F103C8TX_FLASH.ld" --specs=nosys.specs -Wl,-Map="Encoder.map" -Wl,--gc-sections -static --specs=nano.specs -mfloat-abi=soft -mthumb -Wl,--start-group -lc -lm -Wl,--end-group
Finished building target: Encoder.elf
 
arm-none-eabi-size   Encoder.elf 
arm-none-eabi-objdump -h -S  Encoder.elf  > "Encoder.list"
   text	   data	    bss	    dec	    hex	filename
   8116	     24	   1720	   9860	   2684	Encoder.elf
Finished building: default.size.stdout
 
Finished building: Encoder.list
 
19:01:13 **** Incremental Build of configuration Debug for project Encoder ****
make -j8 all 
arm-none-eabi-size   Encoder.elf 
   text	   data	    bss	    dec	    hex	filename
   8116	     24	   1720	   9860	   2684	Encoder.elf
Finished building: default.size.stdout
 
19:01:28 **** Incremental Build of configuration Debug for project Encoder ****
make -j8 all 
arm-none-eabi-size   Encoder.elf 
   text	   data	    bss	    dec	    hex	filename
   8116	     24	   1720	   9860	   2684	Encoder.elf
Finished building: default.size.stdout
 
19:01:48 **** Incremental Build of configuration Debug for project Encoder ****
make -j8 all 
arm-none-eabi-size   Encoder.elf 
   text	   data	    bss	    dec	    hex	filename
   8116	     24	   1720	   9860	   2684	Encoder.elf
Finished building: default.size.stdout
 
19:05:32 **** Incremental Build of configuration Debug for project Encoder ****
make -j8 all 
arm-none-eabi-size   Encoder.elf 
   text	   data	    bss	    dec	    hex	filename
   8116	     24	   1720	   9860	   2684	Encoder.elf
Finished building: default.size.stdout
 
19:05:53 **** Incremental Build of configuration Debug for project Encoder ****
make -j8 all 
arm-none-eabi-size   Encoder.elf 
   text	   data	    bss	    dec	    hex	filename
   8116	     24	   1720	   9860	   2684	Encoder.elf
Finished building: default.size.stdout
 
19:06:48 **** Incremental Build of configuration Debug for project Encoder ****
make -j8 all 
arm-none-eabi-size   Encoder.elf 
   text	   data	    bss	    dec	    hex	filename
   8116	     24	   1720	   9860	   2684	Encoder.elf
Finished building: default.size.stdout
 
19:08:37 **** Incremental Build of configuration Debug for project Encoder ****
make -j8 all 
arm-none-eabi-gcc "../Core/Src/main.c" -mcpu=cortex-m3 -std=gnu11 -g3 -DDEBUG -DUSE_HAL_DRIVER -DSTM32F103xB -c -I../Core/Inc -I../Drivers/STM32F1xx_HAL_Driver/Inc/Legacy -I../Drivers/STM32F1xx_HAL_Driver/Inc -I../Drivers/CMSIS/Device/ST/STM32F1xx/Include -I../Drivers/CMSIS/Include -O0 -ffunction-sections -fdata-sections -Wall -fstack-usage -MMD -MP -MF"Core/Src/main.d" -MT"Core/Src/main.o" --specs=nano.specs -mfloat-abi=soft -mthumb -o "Core/Src/main.o"
arm-none-eabi-gcc -o "Encoder.elf" @"objects.list"   -mcpu=cortex-m3 -T"/home/hoanganh/STM32CubeIDE/NoiLamViec/Encoder/STM32F103C8TX_FLASH.ld" --specs=nosys.specs -Wl,-Map="Encoder.map" -Wl,--gc-sections -static --specs=nano.specs -mfloat-abi=soft -mthumb -Wl,--start-group -lc -lm -Wl,--end-group
Finished building target: Encoder.elf
 
arm-none-eabi-size   Encoder.elf 
arm-none-eabi-objdump -h -S  Encoder.elf  > "Encoder.list"
   text	   data	    bss	    dec	    hex	filename
   8124	     24	   1720	   9868	   268c	Encoder.elf
Finished building: default.size.stdout
 
Finished building: Encoder.list
 
19:09:09 **** Incremental Build of configuration Debug for project Encoder ****
make -j8 all 
arm-none-eabi-size   Encoder.elf 
   text	   data	    bss	    dec	    hex	filename
   8124	     24	   1720	   9868	   268c	Encoder.elf
Finished building: default.size.stdout
 
19:09:29 **** Incremental Build of configuration Debug for project Encoder ****
make -j8 all 
arm-none-eabi-gcc "../Core/Src/main.c" -mcpu=cortex-m3 -std=gnu11 -g3 -DDEBUG -DUSE_HAL_DRIVER -DSTM32F103xB -c -I../Core/Inc -I../Drivers/STM32F1xx_HAL_Driver/Inc/Legacy -I../Drivers/STM32F1xx_HAL_Driver/Inc -I../Drivers/CMSIS/Device/ST/STM32F1xx/Include -I../Drivers/CMSIS/Include -O0 -ffunction-sections -fdata-sections -Wall -fstack-usage -MMD -MP -MF"Core/Src/main.d" -MT"Core/Src/main.o" --specs=nano.specs -mfloat-abi=soft -mthumb -o "Core/Src/main.o"
arm-none-eabi-gcc -o "Encoder.elf" @"objects.list"   -mcpu=cortex-m3 -T"/home/hoanganh/STM32CubeIDE/NoiLamViec/Encoder/STM32F103C8TX_FLASH.ld" --specs=nosys.specs -Wl,-Map="Encoder.map" -Wl,--gc-sections -static --specs=nano.specs -mfloat-abi=soft -mthumb -Wl,--start-group -lc -lm -Wl,--end-group
Finished building target: Encoder.elf
 
arm-none-eabi-size   Encoder.elf 
arm-none-eabi-objdump -h -S  Encoder.elf  > "Encoder.list"
   text	   data	    bss	    dec	    hex	filename
   8124	     24	   1720	   9868	   268c	Encoder.elf
Finished building: default.size.stdout
 
Finished building: Encoder.list
 
19:10:43 **** Incremental Build of configuration Debug for project Encoder ****
make -j8 all 
arm-none-eabi-gcc "../Core/Src/main.c" -mcpu=cortex-m3 -std=gnu11 -g3 -DDEBUG -DUSE_HAL_DRIVER -DSTM32F103xB -c -I../Core/Inc -I../Drivers/STM32F1xx_HAL_Driver/Inc/Legacy -I../Drivers/STM32F1xx_HAL_Driver/Inc -I../Drivers/CMSIS/Device/ST/STM32F1xx/Include -I../Drivers/CMSIS/Include -O0 -ffunction-sections -fdata-sections -Wall -fstack-usage -MMD -MP -MF"Core/Src/main.d" -MT"Core/Src/main.o" --specs=nano.specs -mfloat-abi=soft -mthumb -o "Core/Src/main.o"
arm-none-eabi-gcc -o "Encoder.elf" @"objects.list"   -mcpu=cortex-m3 -T"/home/hoanganh/STM32CubeIDE/NoiLamViec/Encoder/STM32F103C8TX_FLASH.ld" --specs=nosys.specs -Wl,-Map="Encoder.map" -Wl,--gc-sections -static --specs=nano.specs -mfloat-abi=soft -mthumb -Wl,--start-group -lc -lm -Wl,--end-group
Finished building target: Encoder.elf
 
arm-none-eabi-size   Encoder.elf 
arm-none-eabi-objdump -h -S  Encoder.elf  > "Encoder.list"
   text	   data	    bss	    dec	    hex	filename
   8140	     24	   1720	   9884	   269c	Encoder.elf
Finished building: default.size.stdout
 
Finished building: Encoder.list
 
19:17:47 **** Incremental Build of configuration Debug for project Encoder ****
make -j8 all 
arm-none-eabi-gcc "../Core/Src/main.c" -mcpu=cortex-m3 -std=gnu11 -g3 -DDEBUG -DUSE_HAL_DRIVER -DSTM32F103xB -c -I../Core/Inc -I../Drivers/STM32F1xx_HAL_Driver/Inc/Legacy -I../Drivers/STM32F1xx_HAL_Driver/Inc -I../Drivers/CMSIS/Device/ST/STM32F1xx/Include -I../Drivers/CMSIS/Include -O0 -ffunction-sections -fdata-sections -Wall -fstack-usage -MMD -MP -MF"Core/Src/main.d" -MT"Core/Src/main.o" --specs=nano.specs -mfloat-abi=soft -mthumb -o "Core/Src/main.o"
../Core/Src/main.c: In function 'HAL_TIM_IC_CaptureCallback':
../Core/Src/main.c:89:34: error: expected expression before ')' token
   89 |    if(HAL_GetTick() - enc_time > )
      |                                  ^
make: *** [Core/Src/subdir.mk:34: Core/Src/main.o] Error 1
"make -j8 all" terminated with exit code 2. Build might be incomplete.
19:17:58 **** Incremental Build of configuration Debug for project Encoder ****
make -j8 all 
arm-none-eabi-gcc "../Core/Src/main.c" -mcpu=cortex-m3 -std=gnu11 -g3 -DDEBUG -DUSE_HAL_DRIVER -DSTM32F103xB -c -I../Core/Inc -I../Drivers/STM32F1xx_HAL_Driver/Inc/Legacy -I../Drivers/STM32F1xx_HAL_Driver/Inc -I../Drivers/CMSIS/Device/ST/STM32F1xx/Include -I../Drivers/CMSIS/Include -O0 -ffunction-sections -fdata-sections -Wall -fstack-usage -MMD -MP -MF"Core/Src/main.d" -MT"Core/Src/main.o" --specs=nano.specs -mfloat-abi=soft -mthumb -o "Core/Src/main.o"
arm-none-eabi-gcc -o "Encoder.elf" @"objects.list"   -mcpu=cortex-m3 -T"/home/hoanganh/STM32CubeIDE/NoiLamViec/Encoder/STM32F103C8TX_FLASH.ld" --specs=nosys.specs -Wl,-Map="Encoder.map" -Wl,--gc-sections -static --specs=nano.specs -mfloat-abi=soft -mthumb -Wl,--start-group -lc -lm -Wl,--end-group
Finished building target: Encoder.elf
 
arm-none-eabi-size   Encoder.elf 
arm-none-eabi-objdump -h -S  Encoder.elf  > "Encoder.list"
   text	   data	    bss	    dec	    hex	filename
   8140	     24	   1720	   9884	   269c	Encoder.elf
Finished building: default.size.stdout
 
Finished building: Encoder.list
 
