18:32:49 **** Incremental Build of configuration Debug for project Screw_counter ****
make -j8 all 
arm-none-eabi-gcc "../Core/Src/main.c" -mcpu=cortex-m3 -std=gnu11 -g3 -DDEBUG -DUSE_HAL_DRIVER -DSTM32F103xB -c -I../Core/Inc -I../Drivers/STM32F1xx_HAL_Driver/Inc/Legacy -I../Drivers/STM32F1xx_HAL_Driver/Inc -I../Drivers/CMSIS/Device/ST/STM32F1xx/Include -I../Drivers/CMSIS/Include -I"/home/hoanganh/STM32CubeIDE/NoiLamViec/Screw_counter/User_Libs" -O0 -ffunction-sections -fdata-sections -Wall -fstack-usage -MMD -MP -MF"Core/Src/main.d" -MT"Core/Src/main.o" --specs=nano.specs -mfloat-abi=soft -mthumb -o "Core/Src/main.o"
arm-none-eabi-gcc -o "Screw_counter.elf" @"objects.list"   -mcpu=cortex-m3 -T"/home/hoanganh/STM32CubeIDE/NoiLamViec/Screw_counter/STM32F103C8TX_FLASH.ld" --specs=nosys.specs -Wl,-Map="Screw_counter.map" -Wl,--gc-sections -static --specs=nano.specs -mfloat-abi=soft -mthumb -Wl,--start-group -lc -lm -Wl,--end-group
Finished building target: Screw_counter.elf
 
arm-none-eabi-size   Screw_counter.elf 
arm-none-eabi-objdump -h -S  Screw_counter.elf  > "Screw_counter.list"
   text	   data	    bss	    dec	    hex	filename
  10316	    120	   1672	  12108	   2f4c	Screw_counter.elf
Finished building: default.size.stdout
 
Finished building: Screw_counter.list
 

18:32:49 Build Finished. 0 errors, 0 warnings. (took 387ms)

