08:47:37 **** Incremental Build of configuration Debug for project Test_keypad ****
make -j8 all 
arm-none-eabi-gcc "../User_Libs/keypad_pcf.c" -mcpu=cortex-m3 -std=gnu11 -g3 -DDEBUG -DUSE_HAL_DRIVER -DSTM32F103xB -c -I../Core/Inc -I../User_Libs -I../Drivers/STM32F1xx_HAL_Driver/Inc/Legacy -I../Drivers/STM32F1xx_HAL_Driver/Inc -I../Drivers/CMSIS/Device/ST/STM32F1xx/Include -I../Drivers/CMSIS/Include -O0 -ffunction-sections -fdata-sections -Wall -fstack-usage -MMD -MP -MF"User_Libs/keypad_pcf.d" -MT"User_Libs/keypad_pcf.o" --specs=nano.specs -mfloat-abi=soft -mthumb -o "User_Libs/keypad_pcf.o"
arm-none-eabi-gcc -o "Test_keypad.elf" @"objects.list"   -mcpu=cortex-m3 -T"/home/hoanganh/STM32CubeIDE/NoiLamViec/Test_keypad/STM32F103C8TX_FLASH.ld" --specs=nosys.specs -Wl,-Map="Test_keypad.map" -Wl,--gc-sections -static --specs=nano.specs -mfloat-abi=soft -mthumb -Wl,--start-group -lc -lm -Wl,--end-group
Finished building target: Test_keypad.elf
 
arm-none-eabi-size   Test_keypad.elf 
arm-none-eabi-objdump -h -S  Test_keypad.elf  > "Test_keypad.list"
   text	   data	    bss	    dec	    hex	filename
   9228	     20	   1660	  10908	   2a9c	Test_keypad.elf
Finished building: default.size.stdout
 
Finished building: Test_keypad.list
 

08:47:37 Build Finished. 0 errors, 0 warnings. (took 319ms)

