19:27:49 **** Incremental Build of configuration Debug for project test_UART_STM32F407 ****
make -j8 all 
arm-none-eabi-gcc "../Core/Src/main.c" -mcpu=cortex-m4 -std=gnu11 -g3 -DDEBUG -DUSE_HAL_DRIVER -DSTM32F407xx -c -I../Core/Inc -I../Drivers/STM32F4xx_HAL_Driver/Inc -I../Drivers/STM32F4xx_HAL_Driver/Inc/Legacy -I../Drivers/CMSIS/Device/ST/STM32F4xx/Include -I../Drivers/CMSIS/Include -O0 -ffunction-sections -fdata-sections -Wall -fstack-usage -MMD -MP -MF"Core/Src/main.d" -MT"Core/Src/main.o" --specs=nano.specs -mfpu=fpv4-sp-d16 -mfloat-abi=hard -mthumb -o "Core/Src/main.o"
arm-none-eabi-gcc -o "test_UART_STM32F407.elf" @"objects.list"   -mcpu=cortex-m4 -T"/home/hoanganh/STM32CubeIDE/NoiLamViec/test_UART_STM32F407/STM32F407VETX_FLASH.ld" --specs=nosys.specs -Wl,-Map="test_UART_STM32F407.map" -Wl,--gc-sections -static --specs=nano.specs -mfpu=fpv4-sp-d16 -mfloat-abi=hard -mthumb -Wl,--start-group -lc -lm -Wl,--end-group
Finished building target: test_UART_STM32F407.elf
 
arm-none-eabi-size   test_UART_STM32F407.elf 
arm-none-eabi-objdump -h -S  test_UART_STM32F407.elf  > "test_UART_STM32F407.list"
   text	   data	    bss	    dec	    hex	filename
  13580	    120	   1704	  15404	   3c2c	test_UART_STM32F407.elf
Finished building: default.size.stdout
 
Finished building: test_UART_STM32F407.list
 

19:27:49 Build Finished. 0 errors, 0 warnings. (took 380ms)

