19:38:48 **** Incremental Build of configuration Debug for project test_TFT ****
make -j8 all 
arm-none-eabi-gcc "../Core/Src/main.c" -mcpu=cortex-m3 -std=gnu11 -g3 -DDEBUG -DUSE_HAL_DRIVER -DSTM32F103xB -c -I../Core/Inc -I../Drivers/STM32F1xx_HAL_Driver/Inc/Legacy -I../Drivers/STM32F1xx_HAL_Driver/Inc -I../Drivers/CMSIS/Device/ST/STM32F1xx/Include -I../Drivers/CMSIS/Include -O0 -ffunction-sections -fdata-sections -Wall -fstack-usage -MMD -MP -MF"Core/Src/main.d" -MT"Core/Src/main.o" --specs=nano.specs -mfloat-abi=soft -mthumb -o "Core/Src/main.o"
arm-none-eabi-gcc -o "test_TFT.elf" @"objects.list"   -mcpu=cortex-m3 -T"/home/hoanganh/STM32CubeIDE/NoiLamViec/test_TFT/STM32F103C8TX_FLASH.ld" --specs=nosys.specs -Wl,-Map="test_TFT.map" -Wl,--gc-sections -static --specs=nano.specs -mfloat-abi=soft -mthumb -Wl,--start-group -lc -lm -Wl,--end-group
Finished building target: test_TFT.elf
 
arm-none-eabi-size   test_TFT.elf 
arm-none-eabi-objdump -h -S  test_TFT.elf  > "test_TFT.list"
   text	   data	    bss	    dec	    hex	filename
  24532	     24	   1680	  26236	   667c	test_TFT.elf
Finished building: default.size.stdout
 
Finished building: test_TFT.list
 

19:38:48 Build Finished. 0 errors, 0 warnings. (took 386ms)

